Archive member included to satisfy reference by file (symbol)

C:/Program Files (x86)/STM32CubeIDE_1.13.0/STM32CubeIDE/plugins/com.st.stm32cube.ide.mcu.externaltools.gnu-tools-for-stm32.11.3.rel1.win32_1.1.0.202305231506/tools/bin/../lib/gcc/arm-none-eabi/11.3.1/../../../../arm-none-eabi/lib/thumb/v7e-m+fp/hard\libc_nano.a(libc_a-exit.o)
                              C:/Program Files (x86)/STM32CubeIDE_1.13.0/STM32CubeIDE/plugins/com.st.stm32cube.ide.mcu.externaltools.gnu-tools-for-stm32.11.3.rel1.win32_1.1.0.202305231506/tools/bin/../lib/gcc/arm-none-eabi/11.3.1/../../../../arm-none-eabi/lib/thumb/v7e-m+fp/hard/crt0.o (exit)
C:/Program Files (x86)/STM32CubeIDE_1.13.0/STM32CubeIDE/plugins/com.st.stm32cube.ide.mcu.externaltools.gnu-tools-for-stm32.11.3.rel1.win32_1.1.0.202305231506/tools/bin/../lib/gcc/arm-none-eabi/11.3.1/../../../../arm-none-eabi/lib/thumb/v7e-m+fp/hard\libc_nano.a(libc_a-malloc.o)
                              ./Src/main.o (malloc)
C:/Program Files (x86)/STM32CubeIDE_1.13.0/STM32CubeIDE/plugins/com.st.stm32cube.ide.mcu.externaltools.gnu-tools-for-stm32.11.3.rel1.win32_1.1.0.202305231506/tools/bin/../lib/gcc/arm-none-eabi/11.3.1/../../../../arm-none-eabi/lib/thumb/v7e-m+fp/hard\libc_nano.a(libc_a-mallocr.o)
                              C:/Program Files (x86)/STM32CubeIDE_1.13.0/STM32CubeIDE/plugins/com.st.stm32cube.ide.mcu.externaltools.gnu-tools-for-stm32.11.3.rel1.win32_1.1.0.202305231506/tools/bin/../lib/gcc/arm-none-eabi/11.3.1/../../../../arm-none-eabi/lib/thumb/v7e-m+fp/hard\libc_nano.a(libc_a-malloc.o) (_malloc_r)
C:/Program Files (x86)/STM32CubeIDE_1.13.0/STM32CubeIDE/plugins/com.st.stm32cube.ide.mcu.externaltools.gnu-tools-for-stm32.11.3.rel1.win32_1.1.0.202305231506/tools/bin/../lib/gcc/arm-none-eabi/11.3.1/../../../../arm-none-eabi/lib/thumb/v7e-m+fp/hard\libc_nano.a(libc_a-mlock.o)
                              C:/Program Files (x86)/STM32CubeIDE_1.13.0/STM32CubeIDE/plugins/com.st.stm32cube.ide.mcu.externaltools.gnu-tools-for-stm32.11.3.rel1.win32_1.1.0.202305231506/tools/bin/../lib/gcc/arm-none-eabi/11.3.1/../../../../arm-none-eabi/lib/thumb/v7e-m+fp/hard\libc_nano.a(libc_a-mallocr.o) (__malloc_lock)
C:/Program Files (x86)/STM32CubeIDE_1.13.0/STM32CubeIDE/plugins/com.st.stm32cube.ide.mcu.externaltools.gnu-tools-for-stm32.11.3.rel1.win32_1.1.0.202305231506/tools/bin/../lib/gcc/arm-none-eabi/11.3.1/../../../../arm-none-eabi/lib/thumb/v7e-m+fp/hard\libc_nano.a(libc_a-findfp.o)
                              C:/Program Files (x86)/STM32CubeIDE_1.13.0/STM32CubeIDE/plugins/com.st.stm32cube.ide.mcu.externaltools.gnu-tools-for-stm32.11.3.rel1.win32_1.1.0.202305231506/tools/bin/../lib/gcc/arm-none-eabi/11.3.1/../../../../arm-none-eabi/lib/thumb/v7e-m+fp/hard\libc_nano.a(libc_a-exit.o) (__stdio_exit_handler)
C:/Program Files (x86)/STM32CubeIDE_1.13.0/STM32CubeIDE/plugins/com.st.stm32cube.ide.mcu.externaltools.gnu-tools-for-stm32.11.3.rel1.win32_1.1.0.202305231506/tools/bin/../lib/gcc/arm-none-eabi/11.3.1/../../../../arm-none-eabi/lib/thumb/v7e-m+fp/hard\libc_nano.a(libc_a-fwalk.o)
                              C:/Program Files (x86)/STM32CubeIDE_1.13.0/STM32CubeIDE/plugins/com.st.stm32cube.ide.mcu.externaltools.gnu-tools-for-stm32.11.3.rel1.win32_1.1.0.202305231506/tools/bin/../lib/gcc/arm-none-eabi/11.3.1/../../../../arm-none-eabi/lib/thumb/v7e-m+fp/hard\libc_nano.a(libc_a-findfp.o) (_fwalk_sglue)
C:/Program Files (x86)/STM32CubeIDE_1.13.0/STM32CubeIDE/plugins/com.st.stm32cube.ide.mcu.externaltools.gnu-tools-for-stm32.11.3.rel1.win32_1.1.0.202305231506/tools/bin/../lib/gcc/arm-none-eabi/11.3.1/../../../../arm-none-eabi/lib/thumb/v7e-m+fp/hard\libc_nano.a(libc_a-stdio.o)
                              C:/Program Files (x86)/STM32CubeIDE_1.13.0/STM32CubeIDE/plugins/com.st.stm32cube.ide.mcu.externaltools.gnu-tools-for-stm32.11.3.rel1.win32_1.1.0.202305231506/tools/bin/../lib/gcc/arm-none-eabi/11.3.1/../../../../arm-none-eabi/lib/thumb/v7e-m+fp/hard\libc_nano.a(libc_a-findfp.o) (__sread)
C:/Program Files (x86)/STM32CubeIDE_1.13.0/STM32CubeIDE/plugins/com.st.stm32cube.ide.mcu.externaltools.gnu-tools-for-stm32.11.3.rel1.win32_1.1.0.202305231506/tools/bin/../lib/gcc/arm-none-eabi/11.3.1/../../../../arm-none-eabi/lib/thumb/v7e-m+fp/hard\libc_nano.a(libc_a-memset.o)
                              C:/Program Files (x86)/STM32CubeIDE_1.13.0/STM32CubeIDE/plugins/com.st.stm32cube.ide.mcu.externaltools.gnu-tools-for-stm32.11.3.rel1.win32_1.1.0.202305231506/tools/bin/../lib/gcc/arm-none-eabi/11.3.1/../../../../arm-none-eabi/lib/thumb/v7e-m+fp/hard/crt0.o (memset)
C:/Program Files (x86)/STM32CubeIDE_1.13.0/STM32CubeIDE/plugins/com.st.stm32cube.ide.mcu.externaltools.gnu-tools-for-stm32.11.3.rel1.win32_1.1.0.202305231506/tools/bin/../lib/gcc/arm-none-eabi/11.3.1/../../../../arm-none-eabi/lib/thumb/v7e-m+fp/hard\libc_nano.a(libc_a-closer.o)
[...]
Memory Configuration

Name             Origin             Length             Attributes
RAM              0x0000000020000000 0x0000000000020000 xrw
CCMRAM           0x0000000010000000 0x0000000000010000 rw
FLASH            0x0000000008000000 0x0000000000100000 xr
*default*        0x0000000000000000 0xffffffffffffffff

Linker script and memory map

LOAD C:/Program Files (x86)/STM32CubeIDE_1.13.0/STM32CubeIDE/plugins/com.st.stm32cube.ide.mcu.externaltools.gnu-tools-for-stm32.11.3.rel1.win32_1.1.0.202305231506/tools/bin/../lib/gcc/arm-none-eabi/11.3.1/thumb/v7e-m+fp/hard/crti.o
LOAD C:/Program Files (x86)/STM32CubeIDE_1.13.0/STM32CubeIDE/plugins/com.st.stm32cube.ide.mcu.externaltools.gnu-tools-for-stm32.11.3.rel1.win32_1.1.0.202305231506/tools/bin/../lib/gcc/arm-none-eabi/11.3.1/thumb/v7e-m+fp/hard/crtbegin.o
LOAD C:/Program Files (x86)/STM32CubeIDE_1.13.0/STM32CubeIDE/plugins/com.st.stm32cube.ide.mcu.externaltools.gnu-tools-for-stm32.11.3.rel1.win32_1.1.0.202305231506/tools/bin/../lib/gcc/arm-none-eabi/11.3.1/../../../../arm-none-eabi/lib/thumb/v7e-m+fp/hard/crt0.o
LOAD ./Drivers/STM32F4xx_HAL_Driver/Src/stm32f4xx_hal.o
LOAD ./Drivers/STM32F4xx_HAL_Driver/Src/stm32f4xx_hal_adc.o
LOAD ./Drivers/STM32F4xx_HAL_Driver/Src/stm32f4xx_hal_adc_ex.o
LOAD ./Drivers/STM32F4xx_HAL_Driver/Src/stm32f4xx_hal_cortex.o
LOAD ./Drivers/STM32F4xx_HAL_Driver/Src/stm32f4xx_hal_dma.o
LOAD ./Drivers/STM32F4xx_HAL_Driver/Src/stm32f4xx_hal_dma_ex.o
LOAD ./Drivers/STM32F4xx_HAL_Driver/Src/stm32f4xx_hal_exti.o
LOAD ./Drivers/STM32F4xx_HAL_Driver/Src/stm32f4xx_hal_flash.o
LOAD ./Drivers/STM32F4xx_HAL_Driver/Src/stm32f4xx_hal_flash_ex.o
LOAD ./Drivers/STM32F4xx_HAL_Driver/Src/stm32f4xx_hal_flash_ramfunc.o
LOAD ./Drivers/STM32F4xx_HAL_Driver/Src/stm32f4xx_hal_gpio.o
LOAD ./Drivers/STM32F4xx_HAL_Driver/Src/stm32f4xx_hal_i2c.o
LOAD ./Drivers/STM32F4xx_HAL_Driver/Src/stm32f4xx_hal_i2c_ex.o
LOAD ./Drivers/STM32F4xx_HAL_Driver/Src/stm32f4xx_hal_i2s.o
LOAD ./Drivers/STM32F4xx_HAL_Driver/Src/stm32f4xx_hal_i2s_ex.o
LOAD ./Drivers/STM32F4xx_HAL_Driver/Src/stm32f4xx_hal_pwr.o
LOAD ./Drivers/STM32F4xx_HAL_Driver/Src/stm32f4xx_hal_pwr_ex.o
LOAD ./Drivers/STM32F4xx_HAL_Driver/Src/stm32f4xx_hal_rcc.o
LOAD ./Drivers/STM32F4xx_HAL_Driver/Src/stm32f4xx_hal_rcc_ex.o
LOAD ./Drivers/STM32F4xx_HAL_Driver/Src/stm32f4xx_hal_tim.o
LOAD ./Drivers/STM32F4xx_HAL_Driver/Src/stm32f4xx_hal_tim_ex.o
LOAD ./Src/CS43L22.o
LOAD ./Src/main.o
LOAD ./Src/stm32f4xx_hal_msp.o
LOAD ./Src/stm32f4xx_it.o
LOAD ./Src/syscalls.o
LOAD ./Src/system_stm32f4xx.o
LOAD ./startup/startup_stm32f407xx.o
START GROUP
LOAD C:/Program Files (x86)/STM32CubeIDE_1.13.0/STM32CubeIDE/plugins/com.st.stm32cube.ide.mcu.externaltools.gnu-tools-for-stm32.11.3.rel1.win32_1.1.0.202305231506/tools/bin/../lib/gcc/arm-none-eabi/11.3.1/../../../../arm-none-eabi/lib/thumb/v7e-m+fp/hard\libc_nano.a
LOAD C:/Program Files (x86)/STM32CubeIDE_1.13.0/STM32CubeIDE/plugins/com.st.stm32cube.ide.mcu.externaltools.gnu-tools-for-stm32.11.3.rel1.win32_1.1.0.202305231506/tools/bin/../lib/gcc/arm-none-eabi/11.3.1/../../../../arm-none-eabi/lib/thumb/v7e-m+fp/hard\libm.a
END GROUP
START GROUP
LOAD C:/Program Files (x86)/STM32CubeIDE_1.13.0/STM32CubeIDE/plugins/com.st.stm32cube.ide.mcu.externaltools.gnu-tools-for-stm32.11.3.rel1.win32_1.1.0.202305231506/tools/bin/../lib/gcc/arm-none-eabi/11.3.1/thumb/v7e-m+fp/hard\libgcc.a
LOAD C:/Program Files (x86)/STM32CubeIDE_1.13.0/STM32CubeIDE/plugins/com.st.stm32cube.ide.mcu.externaltools.gnu-tools-for-stm32.11.3.rel1.win32_1.1.0.202305231506/tools/bin/../lib/gcc/arm-none-eabi/11.3.1/../../../../arm-none-eabi/lib/thumb/v7e-m+fp/hard\libc_nano.a
END GROUP
START GROUP
LOAD C:/Program Files (x86)/STM32CubeIDE_1.13.0/STM32CubeIDE/plugins/com.st.stm32cube.ide.mcu.externaltools.gnu-tools-for-stm32.11.3.rel1.win32_1.1.0.202305231506/tools/bin/../lib/gcc/arm-none-eabi/11.3.1/thumb/v7e-m+fp/hard\libgcc.a
LOAD C:/Program Files (x86)/STM32CubeIDE_1.13.0/STM32CubeIDE/plugins/com.st.stm32cube.ide.mcu.externaltools.gnu-tools-for-stm32.11.3.rel1.win32_1.1.0.202305231506/tools/bin/../lib/gcc/arm-none-eabi/11.3.1/../../../../arm-none-eabi/lib/thumb/v7e-m+fp/hard\libc_nano.a
LOAD C:/Program Files (x86)/STM32CubeIDE_1.13.0/STM32CubeIDE/plugins/com.st.stm32cube.ide.mcu.externaltools.gnu-tools-for-stm32.11.3.rel1.win32_1.1.0.202305231506/tools/bin/../lib/gcc/arm-none-eabi/11.3.1/../../../../arm-none-eabi/lib/thumb/v7e-m+fp/hard\libnosys.a
END GROUP
START GROUP
LOAD C:/Program Files (x86)/STM32CubeIDE_1.13.0/STM32CubeIDE/plugins/com.st.stm32cube.ide.mcu.externaltools.gnu-tools-for-stm32.11.3.rel1.win32_1.1.0.202305231506/tools/bin/../lib/gcc/arm-none-eabi/11.3.1/thumb/v7e-m+fp/hard\libgcc.a
LOAD C:/Program Files (x86)/STM32CubeIDE_1.13.0/STM32CubeIDE/plugins/com.st.stm32cube.ide.mcu.externaltools.gnu-tools-for-stm32.11.3.rel1.win32_1.1.0.202305231506/tools/bin/../lib/gcc/arm-none-eabi/11.3.1/../../../../arm-none-eabi/lib/thumb/v7e-m+fp/hard\libc_nano.a
LOAD C:/Program Files (x86)/STM32CubeIDE_1.13.0/STM32CubeIDE/plugins/com.st.stm32cube.ide.mcu.externaltools.gnu-tools-for-stm32.11.3.rel1.win32_1.1.0.202305231506/tools/bin/../lib/gcc/arm-none-eabi/11.3.1/../../../../arm-none-eabi/lib/thumb/v7e-m+fp/hard\libnosys.a
END GROUP
LOAD C:/Program Files (x86)/STM32CubeIDE_1.13.0/STM32CubeIDE/plugins/com.st.stm32cube.ide.mcu.externaltools.gnu-tools-for-stm32.11.3.rel1.win32_1.1.0.202305231506/tools/bin/../lib/gcc/arm-none-eabi/11.3.1/thumb/v7e-m+fp/hard/crtend.o
LOAD C:/Program Files (x86)/STM32CubeIDE_1.13.0/STM32CubeIDE/plugins/com.st.stm32cube.ide.mcu.externaltools.gnu-tools-for-stm32.11.3.rel1.win32_1.1.0.202305231506/tools/bin/../lib/gcc/arm-none-eabi/11.3.1/thumb/v7e-m+fp/hard/crtn.o
                0x0000000020020000                _estack = 0x20020000
                0x0000000000000200                _Min_Heap_Size = 0x200
                0x0000000000000400                _Min_Stack_Size = 0x400

.isr_vector     0x0000000008000000      0x188
                0x0000000008000000                . = ALIGN (0x4)
 *(.isr_vector)
 .isr_vector    0x0000000008000000      0x188 ./startup/startup_stm32f407xx.o
                0x0000000008000000                g_pfnVectors
                0x0000000008000188                . = ALIGN (0x4)

.text           0x0000000008000188     0x2bfc
                0x0000000008000188                . = ALIGN (0x4)
 *(.text)
 .text          0x0000000008000188       0x40 C:/Program Files (x86)/STM32CubeIDE_1.13.0/STM32CubeIDE/plugins/com.st.stm32cube.ide.mcu.externaltools.gnu-tools-for-stm32.11.3.rel1.win32_1.1.0.202305231506/tools/bin/../lib/gcc/arm-none-eabi/11.3.1/thumb/v7e-m+fp/hard/crtbegin.o
 .text          0x00000000080001c8       0x30 C:/Program Files (x86)/STM32CubeIDE_1.13.0/STM32CubeIDE/plugins/com.st.stm32cube.ide.mcu.externaltools.gnu-tools-for-stm32.11.3.rel1.win32_1.1.0.202305231506/tools/bin/../lib/gcc/arm-none-eabi/11.3.1/thumb/v7e-m+fp/hard\libgcc.a(_aeabi_uldivmod.o)
                0x00000000080001c8                __aeabi_uldivmod
 .text          0x00000000080001f8      0x2c8 C:/Program Files (x86)/STM32CubeIDE_1.13.0/STM32CubeIDE/plugins/com.st.stm32cube.ide.mcu.externaltools.gnu-tools-for-stm32.11.3.rel1.win32_1.1.0.202305231506/tools/bin/../lib/gcc/arm-none-eabi/11.3.1/thumb/v7e-m+fp/hard\libgcc.a(_udivmoddi4.o)
                0x00000000080001f8                __udivmoddi4
 .text          0x00000000080004c0        0x4 C:/Program Files (x86)/STM32CubeIDE_1.13.0/STM32CubeIDE/plugins/com.st.stm32cube.ide.mcu.externaltools.gnu-tools-for-stm32.11.3.rel1.win32_1.1.0.202305231506/tools/bin/../lib/gcc/arm-none-eabi/11.3.1/thumb/v7e-m+fp/hard\libgcc.a(_dvmd_tls.o)
                0x00000000080004c0                __aeabi_idiv0
                0x00000000080004c0                __aeabi_ldiv0
 *(.text*)
 .text.HAL_InitTick
                0x00000000080004c4       0x48 ./Drivers/STM32F4xx_HAL_Driver/Src/stm32f4xx_hal.o
                0x00000000080004c4                HAL_InitTick
 .text.HAL_Init
                0x000000000800050c       0x34 ./Drivers/STM32F4xx_HAL_Driver/Src/stm32f4xx_hal.o
                0x000000000800050c                HAL_Init
 .text.HAL_IncTick
                0x0000000008000540       0x18 ./Drivers/STM32F4xx_HAL_Driver/Src/stm32f4xx_hal.o
                0x0000000008000540                HAL_IncTick
 .text.HAL_GetTick
                0x0000000008000558        0xc ./Drivers/STM32F4xx_HAL_Driver/Src/stm32f4xx_hal.o
                0x0000000008000558                HAL_GetTick
 .text.HAL_ADC_Init
                0x0000000008000564      0x14c ./Drivers/STM32F4xx_HAL_Driver/Src/stm32f4xx_hal_adc.o
                0x0000000008000564                HAL_ADC_Init
 .text.HAL_ADC_Start_IT
                0x00000000080006b0       0xf4 ./Drivers/STM32F4xx_HAL_Driver/Src/stm32f4xx_hal_adc.o
                0x00000000080006b0                HAL_ADC_Start_IT
 .text.HAL_ADC_LevelOutOfWindowCallback
                0x00000000080007a4        0x2 ./Drivers/STM32F4xx_HAL_Driver/Src/stm32f4xx_hal_adc.o
                0x00000000080007a4                HAL_ADC_LevelOutOfWindowCallback
 .text.HAL_ADC_ErrorCallback
                0x00000000080007a6        0x2 ./Drivers/STM32F4xx_HAL_Driver/Src/stm32f4xx_hal_adc.o
                0x00000000080007a6                HAL_ADC_ErrorCallback
 .text.HAL_ADC_IRQHandler
                0x00000000080007a8      0x128 ./Drivers/STM32F4xx_HAL_Driver/Src/stm32f4xx_hal_adc.o
                0x00000000080007a8                HAL_ADC_IRQHandler
 .text.HAL_ADC_ConfigChannel
                0x00000000080008d0      0x120 ./Drivers/STM32F4xx_HAL_Driver/Src/stm32f4xx_hal_adc.o
                0x00000000080008d0                HAL_ADC_ConfigChannel
 .text.HAL_ADCEx_InjectedConvCpltCallback
                0x00000000080009f0        0x2 ./Drivers/STM32F4xx_HAL_Driver/Src/stm32f4xx_hal_adc_ex.o
                0x00000000080009f0                HAL_ADCEx_InjectedConvCpltCallback
 *fill*         0x00000000080009f2        0x2 
 .text.HAL_NVIC_SetPriorityGrouping
                0x00000000080009f4       0x24 ./Drivers/STM32F4xx_HAL_Driver/Src/stm32f4xx_hal_cortex.o
                0x00000000080009f4                HAL_NVIC_SetPriorityGrouping
 .text.HAL_NVIC_SetPriority
                0x0000000008000a18       0x64 ./Drivers/STM32F4xx_HAL_Driver/Src/stm32f4xx_hal_cortex.o
                0x0000000008000a18                HAL_NVIC_SetPriority
 .text.HAL_NVIC_EnableIRQ
                0x0000000008000a7c       0x1c ./Drivers/STM32F4xx_HAL_Driver/Src/stm32f4xx_hal_cortex.o
                0x0000000008000a7c                HAL_NVIC_EnableIRQ
 .text.HAL_SYSTICK_Config
                0x0000000008000a98       0x28 ./Drivers/STM32F4xx_HAL_Driver/Src/stm32f4xx_hal_cortex.o
                0x0000000008000a98                HAL_SYSTICK_Config
 .text.HAL_GPIO_Init
                0x0000000008000ac0      0x1cc ./Drivers/STM32F4xx_HAL_Driver/Src/stm32f4xx_hal_gpio.o
                0x0000000008000ac0                HAL_GPIO_Init
 .text.HAL_GPIO_WritePin
                0x0000000008000c8c        0xa ./Drivers/STM32F4xx_HAL_Driver/Src/stm32f4xx_hal_gpio.o
                0x0000000008000c8c                HAL_GPIO_WritePin
 .text.I2C_IsAcknowledgeFailed
                0x0000000008000c96       0x34 ./Drivers/STM32F4xx_HAL_Driver/Src/stm32f4xx_hal_i2c.o
 .text.I2C_WaitOnFlagUntilTimeout
                0x0000000008000cca       0x64 ./Drivers/STM32F4xx_HAL_Driver/Src/stm32f4xx_hal_i2c.o
 .text.I2C_WaitOnMasterAddressFlagUntilTimeout
                0x0000000008000d2e       0x76 ./Drivers/STM32F4xx_HAL_Driver/Src/stm32f4xx_hal_i2c.o
 .text.I2C_WaitOnRXNEFlagUntilTimeout
                0x0000000008000da4       0x5e ./Drivers/STM32F4xx_HAL_Driver/Src/stm32f4xx_hal_i2c.o
 .text.I2C_WaitOnBTFFlagUntilTimeout
                0x0000000008000e02       0x4c ./Drivers/STM32F4xx_HAL_Driver/Src/stm32f4xx_hal_i2c.o
 .text.I2C_WaitOnTXEFlagUntilTimeout
                0x0000000008000e4e       0x4c ./Drivers/STM32F4xx_HAL_Driver/Src/stm32f4xx_hal_i2c.o
 *fill*         0x0000000008000e9a        0x2 
 .text.HAL_I2C_Init
                0x0000000008000e9c      0x140 ./Drivers/STM32F4xx_HAL_Driver/Src/stm32f4xx_hal_i2c.o
                0x0000000008000e9c                HAL_I2C_Init
 .text.HAL_I2C_Master_Transmit
                0x0000000008000fdc      0x1a4 ./Drivers/STM32F4xx_HAL_Driver/Src/stm32f4xx_hal_i2c.o
                0x0000000008000fdc                HAL_I2C_Master_Transmit
 .text.HAL_I2C_Master_Receive
                0x0000000008001180      0x2d4 ./Drivers/STM32F4xx_HAL_Driver/Src/stm32f4xx_hal_i2c.o
                0x0000000008001180                HAL_I2C_Master_Receive
 .text.HAL_I2S_Init
                0x0000000008001454      0x140 ./Drivers/STM32F4xx_HAL_Driver/Src/stm32f4xx_hal_i2s.o
                0x0000000008001454                HAL_I2S_Init
 .text.HAL_I2S_Transmit_IT
                0x0000000008001594       0x72 ./Drivers/STM32F4xx_HAL_Driver/Src/stm32f4xx_hal_i2s.o
                0x0000000008001594                HAL_I2S_Transmit_IT
 .text.HAL_I2S_IRQHandler
                0x0000000008001606        0x4 ./Drivers/STM32F4xx_HAL_Driver/Src/stm32f4xx_hal_i2s.o
                0x0000000008001606                HAL_I2S_IRQHandler
 .text.HAL_I2S_RxCpltCallback
                0x000000000800160a        0x2 ./Drivers/STM32F4xx_HAL_Driver/Src/stm32f4xx_hal_i2s.o
                0x000000000800160a                HAL_I2S_RxCpltCallback
 .text.HAL_I2S_ErrorCallback
                0x000000000800160c        0x2 ./Drivers/STM32F4xx_HAL_Driver/Src/stm32f4xx_hal_i2s.o
                0x000000000800160c                HAL_I2S_ErrorCallback
 .text.I2S_IRQHandler
                0x000000000800160e       0xfa ./Drivers/STM32F4xx_HAL_Driver/Src/stm32f4xx_hal_i2s.o
 .text.HAL_I2SEx_TxRxCpltCallback
                0x0000000008001708        0x2 ./Drivers/STM32F4xx_HAL_Driver/Src/stm32f4xx_hal_i2s_ex.o
                0x0000000008001708                HAL_I2SEx_TxRxCpltCallback
 *fill*         0x000000000800170a        0x2 
 .text.HAL_I2SEx_FullDuplex_IRQHandler
                0x000000000800170c      0x248 ./Drivers/STM32F4xx_HAL_Driver/Src/stm32f4xx_hal_i2s_ex.o
                0x000000000800170c                HAL_I2SEx_FullDuplex_IRQHandler
 .text.HAL_RCC_OscConfig
                0x0000000008001954      0x30c ./Drivers/STM32F4xx_HAL_Driver/Src/stm32f4xx_hal_rcc.o
                0x0000000008001954                HAL_RCC_OscConfig
 .text.HAL_RCC_GetSysClockFreq
                0x0000000008001c60       0x5c ./Drivers/STM32F4xx_HAL_Driver/Src/stm32f4xx_hal_rcc.o
                0x0000000008001c60                HAL_RCC_GetSysClockFreq
 .text.HAL_RCC_ClockConfig
                0x0000000008001cbc      0x130 ./Drivers/STM32F4xx_HAL_Driver/Src/stm32f4xx_hal_rcc.o
                0x0000000008001cbc                HAL_RCC_ClockConfig
 .text.HAL_RCC_GetPCLK1Freq
                0x0000000008001dec       0x20 ./Drivers/STM32F4xx_HAL_Driver/Src/stm32f4xx_hal_rcc.o
                0x0000000008001dec                HAL_RCC_GetPCLK1Freq
 .text.HAL_RCCEx_PeriphCLKConfig
                0x0000000008001e0c      0x130 ./Drivers/STM32F4xx_HAL_Driver/Src/stm32f4xx_hal_rcc_ex.o
                0x0000000008001e0c                HAL_RCCEx_PeriphCLKConfig
 .text.HAL_RCCEx_GetPeriphCLKFreq
                0x0000000008001f3c       0x4c ./Drivers/STM32F4xx_HAL_Driver/Src/stm32f4xx_hal_rcc_ex.o
                0x0000000008001f3c                HAL_RCCEx_GetPeriphCLKFreq
 .text.HAL_TIM_Base_Start
                0x0000000008001f88       0x24 ./Drivers/STM32F4xx_HAL_Driver/Src/stm32f4xx_hal_tim.o
                0x0000000008001f88                HAL_TIM_Base_Start
 .text.TIM_Base_SetConfig
                0x0000000008001fac       0xcc ./Drivers/STM32F4xx_HAL_Driver/Src/stm32f4xx_hal_tim.o
                0x0000000008001fac                TIM_Base_SetConfig
 .text.HAL_TIM_Base_Init
                0x0000000008002078       0x34 ./Drivers/STM32F4xx_HAL_Driver/Src/stm32f4xx_hal_tim.o
                0x0000000008002078                HAL_TIM_Base_Init
 .text.TIM_ETR_SetConfig
                0x00000000080020ac       0x14 ./Drivers/STM32F4xx_HAL_Driver/Src/stm32f4xx_hal_tim.o
                0x00000000080020ac                TIM_ETR_SetConfig
 .text.HAL_TIM_ConfigClockSource
                0x00000000080020c0      0x124 ./Drivers/STM32F4xx_HAL_Driver/Src/stm32f4xx_hal_tim.o
                0x00000000080020c0                HAL_TIM_ConfigClockSource
 .text.HAL_TIMEx_MasterConfigSynchronization
                0x00000000080021e4       0x3c ./Drivers/STM32F4xx_HAL_Driver/Src/stm32f4xx_hal_tim_ex.o
                0x00000000080021e4                HAL_TIMEx_MasterConfigSynchronization
 .text.CS43L22_write
                0x0000000008002220       0x18 ./Src/CS43L22.o
                0x0000000008002220                CS43L22_write
 .text.CS43L22_init
                0x0000000008002238      0x130 ./Src/CS43L22.o
                0x0000000008002238                CS43L22_init
 .text.CS43L22_AudioSend
                0x0000000008002368        0x4 ./Src/CS43L22.o
                0x0000000008002368                CS43L22_AudioSend
 .text.SystemClock_Config
                0x000000000800236c       0xb8 ./Src/main.o
                0x000000000800236c                SystemClock_Config
 .text.HAL_I2S_TxCpltCallback
                0x0000000008002424        0xc ./Src/main.o
                0x0000000008002424                HAL_I2S_TxCpltCallback
 .text.HAL_ADC_ConvCpltCallback
                0x0000000008002430        0xc ./Src/main.o
                0x0000000008002430                HAL_ADC_ConvCpltCallback
 .text.select_buffer_to_transmit
                0x000000000800243c       0x20 ./Src/main.o
                0x000000000800243c                select_buffer_to_transmit
 .text.audio_buffer_init
                0x000000000800245c       0x28 ./Src/main.o
                0x000000000800245c                audio_buffer_init
 .text.CS43L22_EXTERNAL_DAC_I2S_transmit
                0x0000000008002484       0x10 ./Src/main.o
                0x0000000008002484                CS43L22_EXTERNAL_DAC_I2S_transmit
 .text.CS43L22_EXTERNAL_DAC_I2C_write
                0x0000000008002494       0x1c ./Src/main.o
                0x0000000008002494                CS43L22_EXTERNAL_DAC_I2C_write
 .text.CS43L22_EXTERNAL_DAC_I2C_recieve
                0x00000000080024b0       0x1c ./Src/main.o
                0x00000000080024b0                CS43L22_EXTERNAL_DAC_I2C_recieve
 .text.CS43L22_EXTERNAL_DAC_enable
                0x00000000080024cc       0x10 ./Src/main.o
                0x00000000080024cc                CS43L22_EXTERNAL_DAC_enable
 .text.update_output
                0x00000000080024dc       0x54 ./Src/main.o
                0x00000000080024dc                update_output
 .text.load_buffer
                0x0000000008002530       0x70 ./Src/main.o
                0x0000000008002530                load_buffer
 .text.fill_buffers
                0x00000000080025a0       0x38 ./Src/main.o
                0x00000000080025a0                fill_buffers
 .text.create_circ_buffer
                0x00000000080025d8       0x2e ./Src/main.o
                0x00000000080025d8                create_circ_buffer
 *fill*         0x0000000008002606        0x2 
 .text.startup.main
                0x0000000008002608      0x290 ./Src/main.o
                0x0000000008002608                main
 .text.HAL_MspInit
                0x0000000008002898       0x38 ./Src/stm32f4xx_hal_msp.o
                0x0000000008002898                HAL_MspInit
 .text.HAL_ADC_MspInit
                0x00000000080028d0       0x74 ./Src/stm32f4xx_hal_msp.o
                0x00000000080028d0                HAL_ADC_MspInit
 .text.HAL_I2C_MspInit
                0x0000000008002944       0x70 ./Src/stm32f4xx_hal_msp.o
                0x0000000008002944                HAL_I2C_MspInit
 .text.HAL_I2S_MspInit
                0x00000000080029b4       0xa8 ./Src/stm32f4xx_hal_msp.o
                0x00000000080029b4                HAL_I2S_MspInit
 .text.HAL_TIM_Base_MspInit
                0x0000000008002a5c       0x2c ./Src/stm32f4xx_hal_msp.o
                0x0000000008002a5c                HAL_TIM_Base_MspInit
 .text.SVC_Handler
                0x0000000008002a88        0x2 ./Src/stm32f4xx_it.o
                0x0000000008002a88                SVC_Handler
 .text.PendSV_Handler
                0x0000000008002a8a        0x2 ./Src/stm32f4xx_it.o
                0x0000000008002a8a                PendSV_Handler
 .text.SysTick_Handler
                0x0000000008002a8c        0x4 ./Src/stm32f4xx_it.o
                0x0000000008002a8c                SysTick_Handler
 .text.ADC_IRQHandler
                0x0000000008002a90        0xc ./Src/stm32f4xx_it.o
                0x0000000008002a90                ADC_IRQHandler
 .text.SPI3_IRQHandler
                0x0000000008002a9c        0xc ./Src/stm32f4xx_it.o
                0x0000000008002a9c                SPI3_IRQHandler
 .text._sbrk    0x0000000008002aa8       0x34 ./Src/syscalls.o
                0x0000000008002aa8                _sbrk
 .text.SystemInit
                0x0000000008002adc       0x4c ./Src/system_stm32f4xx.o
                0x0000000008002adc                SystemInit
 .text.Reset_Handler
                0x0000000008002b28       0x50 ./startup/startup_stm32f407xx.o
                0x0000000008002b28                Reset_Handler
 .text.Default_Handler
                0x0000000008002b78        0x2 ./startup/startup_stm32f407xx.o
                0x0000000008002b78                RTC_Alarm_IRQHandler
                0x0000000008002b78                HASH_RNG_IRQHandler
                0x0000000008002b78                EXTI2_IRQHandler
                0x0000000008002b78                TIM8_CC_IRQHandler
                0x0000000008002b78                DebugMon_Handler
                0x0000000008002b78                TIM1_CC_IRQHandler
                0x0000000008002b78                DMA2_Stream5_IRQHandler
                0x0000000008002b78                HardFault_Handler
                0x0000000008002b78                DMA1_Stream5_IRQHandler
                0x0000000008002b78                PVD_IRQHandler
                0x0000000008002b78                SDIO_IRQHandler
                0x0000000008002b78                TAMP_STAMP_IRQHandler
                0x0000000008002b78                NMI_Handler
                0x0000000008002b78                CAN2_RX1_IRQHandler
                0x0000000008002b78                EXTI3_IRQHandler
                0x0000000008002b78                TIM8_TRG_COM_TIM14_IRQHandler
                0x0000000008002b78                TIM1_UP_TIM10_IRQHandler
                0x0000000008002b78                TIM8_UP_TIM13_IRQHandler
                0x0000000008002b78                I2C3_ER_IRQHandler
                0x0000000008002b78                EXTI0_IRQHandler
                0x0000000008002b78                I2C2_EV_IRQHandler
                0x0000000008002b78                DMA1_Stream2_IRQHandler
                0x0000000008002b78                CAN1_RX0_IRQHandler
                0x0000000008002b78                FPU_IRQHandler
                0x0000000008002b78                OTG_HS_WKUP_IRQHandler
                0x0000000008002b78                UsageFault_Handler
                0x0000000008002b78                CAN2_SCE_IRQHandler
                0x0000000008002b78                DMA2_Stream2_IRQHandler
                0x0000000008002b78                SPI1_IRQHandler
                0x0000000008002b78                TIM6_DAC_IRQHandler
                0x0000000008002b78                TIM1_BRK_TIM9_IRQHandler
                0x0000000008002b78                DCMI_IRQHandler
                0x0000000008002b78                CAN2_RX0_IRQHandler
                0x0000000008002b78                DMA2_Stream3_IRQHandler
                0x0000000008002b78                USART6_IRQHandler
                0x0000000008002b78                USART3_IRQHandler
                0x0000000008002b78                CAN1_RX1_IRQHandler
                0x0000000008002b78                UART5_IRQHandler
                0x0000000008002b78                DMA2_Stream0_IRQHandler
                0x0000000008002b78                TIM4_IRQHandler
                0x0000000008002b78                I2C1_EV_IRQHandler
                0x0000000008002b78                DMA1_Stream6_IRQHandler
                0x0000000008002b78                DMA1_Stream1_IRQHandler
                0x0000000008002b78                UART4_IRQHandler
                0x0000000008002b78                TIM3_IRQHandler
                0x0000000008002b78                RCC_IRQHandler
                0x0000000008002b78                TIM8_BRK_TIM12_IRQHandler
                0x0000000008002b78                Default_Handler
                0x0000000008002b78                EXTI15_10_IRQHandler
                0x0000000008002b78                DMA1_Stream7_IRQHandler
                0x0000000008002b78                TIM7_IRQHandler
                0x0000000008002b78                CAN2_TX_IRQHandler
                0x0000000008002b78                TIM5_IRQHandler
                0x0000000008002b78                DMA2_Stream7_IRQHandler
                0x0000000008002b78                I2C3_EV_IRQHandler
                0x0000000008002b78                EXTI9_5_IRQHandler
                0x0000000008002b78                RTC_WKUP_IRQHandler
                0x0000000008002b78                ETH_WKUP_IRQHandler
                0x0000000008002b78                SPI2_IRQHandler
                0x0000000008002b78                OTG_HS_EP1_IN_IRQHandler
                0x0000000008002b78                MemManage_Handler
                0x0000000008002b78                DMA1_Stream0_IRQHandler
                0x0000000008002b78                CAN1_TX_IRQHandler
                0x0000000008002b78                EXTI4_IRQHandler
                0x0000000008002b78                FSMC_IRQHandler
                0x0000000008002b78                ETH_IRQHandler
                0x0000000008002b78                OTG_HS_EP1_OUT_IRQHandler
                0x0000000008002b78                WWDG_IRQHandler
                0x0000000008002b78                TIM2_IRQHandler
                0x0000000008002b78                OTG_FS_WKUP_IRQHandler
                0x0000000008002b78                TIM1_TRG_COM_TIM11_IRQHandler
                0x0000000008002b78                OTG_HS_IRQHandler
                0x0000000008002b78                EXTI1_IRQHandler
                0x0000000008002b78                USART2_IRQHandler
                0x0000000008002b78                I2C2_ER_IRQHandler
                0x0000000008002b78                DMA2_Stream1_IRQHandler
                0x0000000008002b78                CAN1_SCE_IRQHandler
                0x0000000008002b78                FLASH_IRQHandler
                0x0000000008002b78                DMA2_Stream4_IRQHandler
                0x0000000008002b78                BusFault_Handler
                0x0000000008002b78                USART1_IRQHandler
                0x0000000008002b78                OTG_FS_IRQHandler
                0x0000000008002b78                DMA1_Stream4_IRQHandler
                0x0000000008002b78                I2C1_ER_IRQHandler
                0x0000000008002b78                DMA2_Stream6_IRQHandler
                0x0000000008002b78                DMA1_Stream3_IRQHandler
 *fill*         0x0000000008002b7a        0x2 
 .text.malloc   0x0000000008002b7c       0x10 C:/Program Files (x86)/STM32CubeIDE_1.13.0/STM32CubeIDE/plugins/com.st.stm32cube.ide.mcu.externaltools.gnu-tools-for-stm32.11.3.rel1.win32_1.1.0.202305231506/tools/bin/../lib/gcc/arm-none-eabi/11.3.1/../../../../arm-none-eabi/lib/thumb/v7e-m+fp/hard\libc_nano.a(libc_a-malloc.o)
                0x0000000008002b7c                malloc
 .text.sbrk_aligned
                0x0000000008002b8c       0x40 C:/Program Files (x86)/STM32CubeIDE_1.13.0/STM32CubeIDE/plugins/com.st.stm32cube.ide.mcu.externaltools.gnu-tools-for-stm32.11.3.rel1.win32_1.1.0.202305231506/tools/bin/../lib/gcc/arm-none-eabi/11.3.1/../../../../arm-none-eabi/lib/thumb/v7e-m+fp/hard\libc_nano.a(libc_a-mallocr.o)
 .text._malloc_r
                0x0000000008002bcc      0x100 C:/Program Files (x86)/STM32CubeIDE_1.13.0/STM32CubeIDE/plugins/com.st.stm32cube.ide.mcu.externaltools.gnu-tools-for-stm32.11.3.rel1.win32_1.1.0.202305231506/tools/bin/../lib/gcc/arm-none-eabi/11.3.1/../../../../arm-none-eabi/lib/thumb/v7e-m+fp/hard\libc_nano.a(libc_a-mallocr.o)
                0x0000000008002bcc                _malloc_r
 .text.__malloc_lock
                0x0000000008002ccc        0xc C:/Program Files (x86)/STM32CubeIDE_1.13.0/STM32CubeIDE/plugins/com.st.stm32cube.ide.mcu.externaltools.gnu-tools-for-stm32.11.3.rel1.win32_1.1.0.202305231506/tools/bin/../lib/gcc/arm-none-eabi/11.3.1/../../../../arm-none-eabi/lib/thumb/v7e-m+fp/hard\libc_nano.a(libc_a-mlock.o)
                0x0000000008002ccc                __malloc_lock
 .text.__malloc_unlock
                0x0000000008002cd8        0xc C:/Program Files (x86)/STM32CubeIDE_1.13.0/STM32CubeIDE/plugins/com.st.stm32cube.ide.mcu.externaltools.gnu-tools-for-stm32.11.3.rel1.win32_1.1.0.202305231506/tools/bin/../lib/gcc/arm-none-eabi/11.3.1/../../../../arm-none-eabi/lib/thumb/v7e-m+fp/hard\libc_nano.a(libc_a-mlock.o)
                0x0000000008002cd8                __malloc_unlock
 .text.memset   0x0000000008002ce4       0x10 C:/Program Files (x86)/STM32CubeIDE_1.13.0/STM32CubeIDE/plugins/com.st.stm32cube.ide.mcu.externaltools.gnu-tools-for-stm32.11.3.rel1.win32_1.1.0.202305231506/tools/bin/../lib/gcc/arm-none-eabi/11.3.1/../../../../arm-none-eabi/lib/thumb/v7e-m+fp/hard\libc_nano.a(libc_a-memset.o)
                0x0000000008002ce4                memset
 .text._sbrk_r  0x0000000008002cf4       0x20 C:/Program Files (x86)/STM32CubeIDE_1.13.0/STM32CubeIDE/plugins/com.st.stm32cube.ide.mcu.externaltools.gnu-tools-for-stm32.11.3.rel1.win32_1.1.0.202305231506/tools/bin/../lib/gcc/arm-none-eabi/11.3.1/../../../../arm-none-eabi/lib/thumb/v7e-m+fp/hard\libc_nano.a(libc_a-sbrkr.o)
                0x0000000008002cf4                _sbrk_r
 .text.__errno  0x0000000008002d14        0xc C:/Program Files (x86)/STM32CubeIDE_1.13.0/STM32CubeIDE/plugins/com.st.stm32cube.ide.mcu.externaltools.gnu-tools-for-stm32.11.3.rel1.win32_1.1.0.202305231506/tools/bin/../lib/gcc/arm-none-eabi/11.3.1/../../../../arm-none-eabi/lib/thumb/v7e-m+fp/hard\libc_nano.a(libc_a-errno.o)
                0x0000000008002d14                __errno
 .text.__libc_init_array
                0x0000000008002d20       0x48 C:/Program Files (x86)/STM32CubeIDE_1.13.0/STM32CubeIDE/plugins/com.st.stm32cube.ide.mcu.externaltools.gnu-tools-for-stm32.11.3.rel1.win32_1.1.0.202305231506/tools/bin/../lib/gcc/arm-none-eabi/11.3.1/../../../../arm-none-eabi/lib/thumb/v7e-m+fp/hard\libc_nano.a(libc_a-init.o)
                0x0000000008002d20                __libc_init_array
 .text.__retarget_lock_acquire_recursive
                0x0000000008002d68        0x2 C:/Program Files (x86)/STM32CubeIDE_1.13.0/STM32CubeIDE/plugins/com.st.stm32cube.ide.mcu.externaltools.gnu-tools-for-stm32.11.3.rel1.win32_1.1.0.202305231506/tools/bin/../lib/gcc/arm-none-eabi/11.3.1/../../../../arm-none-eabi/lib/thumb/v7e-m+fp/hard\libc_nano.a(libc_a-lock.o)
                0x0000000008002d68                __retarget_lock_acquire_recursive
 .text.__retarget_lock_release_recursive
                0x0000000008002d6a        0x2 C:/Program Files (x86)/STM32CubeIDE_1.13.0/STM32CubeIDE/plugins/com.st.stm32cube.ide.mcu.externaltools.gnu-tools-for-stm32.11.3.rel1.win32_1.1.0.202305231506/tools/bin/../lib/gcc/arm-none-eabi/11.3.1/../../../../arm-none-eabi/lib/thumb/v7e-m+fp/hard\libc_nano.a(libc_a-lock.o)
                0x0000000008002d6a                __retarget_lock_release_recursive
 *(.glue_7)
 .glue_7        0x0000000008002d6c        0x0 linker stubs
 *(.glue_7t)
 .glue_7t       0x0000000008002d6c        0x0 linker stubs
 *(.eh_frame)
 .eh_frame      0x0000000008002d6c        0x0 C:/Program Files (x86)/STM32CubeIDE_1.13.0/STM32CubeIDE/plugins/com.st.stm32cube.ide.mcu.externaltools.gnu-tools-for-stm32.11.3.rel1.win32_1.1.0.202305231506/tools/bin/../lib/gcc/arm-none-eabi/11.3.1/thumb/v7e-m+fp/hard/crtbegin.o
 *(.init)
 .init          0x0000000008002d6c        0x4 C:/Program Files (x86)/STM32CubeIDE_1.13.0/STM32CubeIDE/plugins/com.st.stm32cube.ide.mcu.externaltools.gnu-tools-for-stm32.11.3.rel1.win32_1.1.0.202305231506/tools/bin/../lib/gcc/arm-none-eabi/11.3.1/thumb/v7e-m+fp/hard/crti.o
                0x0000000008002d6c                _init
 .init          0x0000000008002d70        0x8 C:/Program Files (x86)/STM32CubeIDE_1.13.0/STM32CubeIDE/plugins/com.st.stm32cube.ide.mcu.externaltools.gnu-tools-for-stm32.11.3.rel1.win32_1.1.0.202305231506/tools/bin/../lib/gcc/arm-none-eabi/11.3.1/thumb/v7e-m+fp/hard/crtn.o
 *(.fini)
 .fini          0x0000000008002d78        0x4 C:/Program Files (x86)/STM32CubeIDE_1.13.0/STM32CubeIDE/plugins/com.st.stm32cube.ide.mcu.externaltools.gnu-tools-for-stm32.11.3.rel1.win32_1.1.0.202305231506/tools/bin/../lib/gcc/arm-none-eabi/11.3.1/thumb/v7e-m+fp/hard/crti.o
                0x0000000008002d78                _fini
 .fini          0x0000000008002d7c        0x8 C:/Program Files (x86)/STM32CubeIDE_1.13.0/STM32CubeIDE/plugins/com.st.stm32cube.ide.mcu.externaltools.gnu-tools-for-stm32.11.3.rel1.win32_1.1.0.202305231506/tools/bin/../lib/gcc/arm-none-eabi/11.3.1/thumb/v7e-m+fp/hard/crtn.o
                0x0000000008002d84                . = ALIGN (0x4)
                0x0000000008002d84                _etext = .

.vfp11_veneer   0x0000000008002d84        0x0
 .vfp11_veneer  0x0000000008002d84        0x0 linker stubs

.v4_bx          0x0000000008002d84        0x0
 .v4_bx         0x0000000008002d84        0x0 linker stubs

.iplt           0x0000000008002d84        0x0
 .iplt          0x0000000008002d84        0x0 C:/Program Files (x86)/STM32CubeIDE_1.13.0/STM32CubeIDE/plugins/com.st.stm32cube.ide.mcu.externaltools.gnu-tools-for-stm32.11.3.rel1.win32_1.1.0.202305231506/tools/bin/../lib/gcc/arm-none-eabi/11.3.1/thumb/v7e-m+fp/hard/crtbegin.o

.rodata         0x0000000008002d84       0x18
                0x0000000008002d84                . = ALIGN (0x4)
 *(.rodata)
 *(.rodata*)
 .rodata.AHBPrescTable
                0x0000000008002d84       0x10 ./Src/system_stm32f4xx.o
                0x0000000008002d84                AHBPrescTable
 .rodata.APBPrescTable
                0x0000000008002d94        0x8 ./Src/system_stm32f4xx.o
                0x0000000008002d94                APBPrescTable
                0x0000000008002d9c                . = ALIGN (0x4)

.ARM.extab
 *(.ARM.extab* .gnu.linkonce.armextab.*)

.ARM            0x0000000008002d9c        0x8
                0x0000000008002d9c                __exidx_start = .
 *(.ARM.exidx*)
 .ARM.exidx     0x0000000008002d9c        0x8 C:/Program Files (x86)/STM32CubeIDE_1.13.0/STM32CubeIDE/plugins/com.st.stm32cube.ide.mcu.externaltools.gnu-tools-for-stm32.11.3.rel1.win32_1.1.0.202305231506/tools/bin/../lib/gcc/arm-none-eabi/11.3.1/thumb/v7e-m+fp/hard\libgcc.a(_udivmoddi4.o)
                0x0000000008002da4                __exidx_end = .

.rel.dyn        0x0000000008002da4        0x0
 .rel.iplt      0x0000000008002da4        0x0 C:/Program Files (x86)/STM32CubeIDE_1.13.0/STM32CubeIDE/plugins/com.st.stm32cube.ide.mcu.externaltools.gnu-tools-for-stm32.11.3.rel1.win32_1.1.0.202305231506/tools/bin/../lib/gcc/arm-none-eabi/11.3.1/thumb/v7e-m+fp/hard/crtbegin.o

.preinit_array  0x0000000008002da4        0x0
                0x0000000008002da4                PROVIDE (__preinit_array_start = .)
 *(.preinit_array*)
                0x0000000008002da4                PROVIDE (__preinit_array_end = .)

.init_array     0x0000000008002da4        0x4
                0x0000000008002da4                PROVIDE (__init_array_start = .)
 *(SORT_BY_NAME(.init_array.*))
 *(.init_array*)
 .init_array    0x0000000008002da4        0x4 C:/Program Files (x86)/STM32CubeIDE_1.13.0/STM32CubeIDE/plugins/com.st.stm32cube.ide.mcu.externaltools.gnu-tools-for-stm32.11.3.rel1.win32_1.1.0.202305231506/tools/bin/../lib/gcc/arm-none-eabi/11.3.1/thumb/v7e-m+fp/hard/crtbegin.o
                0x0000000008002da8                PROVIDE (__init_array_end = .)

.fini_array     0x0000000008002da8        0x4
                [!provide]                        PROVIDE (__fini_array_start = .)
 *(SORT_BY_NAME(.fini_array.*))
 *(.fini_array*)
 .fini_array    0x0000000008002da8        0x4 C:/Program Files (x86)/STM32CubeIDE_1.13.0/STM32CubeIDE/plugins/com.st.stm32cube.ide.mcu.externaltools.gnu-tools-for-stm32.11.3.rel1.win32_1.1.0.202305231506/tools/bin/../lib/gcc/arm-none-eabi/11.3.1/thumb/v7e-m+fp/hard/crtbegin.o
                [!provide]                        PROVIDE (__fini_array_end = .)
                0x0000000008002dac                _sidata = LOADADDR (.data)

.data           0x0000000020000000       0x60 load address 0x0000000008002dac
                0x0000000020000000                . = ALIGN (0x4)
                0x0000000020000000                _sdata = .
 *(.data)
 *(.data*)
 .data.uwTickFreq
                0x0000000020000000        0x1 ./Drivers/STM32F4xx_HAL_Driver/Src/stm32f4xx_hal.o
                0x0000000020000000                uwTickFreq
 *fill*         0x0000000020000001        0x3 
 .data.uwTickPrio
                0x0000000020000004        0x4 ./Drivers/STM32F4xx_HAL_Driver/Src/stm32f4xx_hal.o
                0x0000000020000004                uwTickPrio
 .data.buffer_to_send
                0x0000000020000008        0x1 ./Src/main.o
                0x0000000020000008                buffer_to_send
 .data.flag     0x0000000020000009        0x1 ./Src/main.o
                0x0000000020000009                flag
 .data.transferComplete
                0x000000002000000a        0x1 ./Src/main.o
                0x000000002000000a                transferComplete
 *fill*         0x000000002000000b        0x1 
 .data.SystemCoreClock
                0x000000002000000c        0x4 ./Src/system_stm32f4xx.o
                0x000000002000000c                SystemCoreClock
 .data._impure_data
                0x0000000020000010       0x4c C:/Program Files (x86)/STM32CubeIDE_1.13.0/STM32CubeIDE/plugins/com.st.stm32cube.ide.mcu.externaltools.gnu-tools-for-stm32.11.3.rel1.win32_1.1.0.202305231506/tools/bin/../lib/gcc/arm-none-eabi/11.3.1/../../../../arm-none-eabi/lib/thumb/v7e-m+fp/hard\libc_nano.a(libc_a-impure.o)
                0x0000000020000010                _impure_data
 .data._impure_ptr
                0x000000002000005c        0x4 C:/Program Files (x86)/STM32CubeIDE_1.13.0/STM32CubeIDE/plugins/com.st.stm32cube.ide.mcu.externaltools.gnu-tools-for-stm32.11.3.rel1.win32_1.1.0.202305231506/tools/bin/../lib/gcc/arm-none-eabi/11.3.1/../../../../arm-none-eabi/lib/thumb/v7e-m+fp/hard\libc_nano.a(libc_a-impure.o)
                0x000000002000005c                _impure_ptr
                0x0000000020000060                . = ALIGN (0x4)
                0x0000000020000060                _edata = .
                0x0000000008002e0c                _siccmram = LOADADDR (.ccmram)

.igot.plt       0x0000000020000060        0x0 load address 0x0000000008002e0c
 .igot.plt      0x0000000020000060        0x0 C:/Program Files (x86)/STM32CubeIDE_1.13.0/STM32CubeIDE/plugins/com.st.stm32cube.ide.mcu.externaltools.gnu-tools-for-stm32.11.3.rel1.win32_1.1.0.202305231506/tools/bin/../lib/gcc/arm-none-eabi/11.3.1/thumb/v7e-m+fp/hard/crtbegin.o

.ccmram         0x0000000010000000        0x0 load address 0x0000000008002e0c
                0x0000000010000000                . = ALIGN (0x4)
                0x0000000010000000                _sccmram = .
 *(.ccmram)
 *(.ccmram*)
                0x0000000010000000                . = ALIGN (0x4)
                0x0000000010000000                _eccmram = .
                0x0000000010000000                . = ALIGN (0x4)

.bss            0x0000000020000060      0x58c
                0x0000000020000060                _sbss = .
                0x0000000020000060                __bss_start__ = _sbss
 *(.bss)
 .bss           0x0000000020000060       0x1c C:/Program Files (x86)/STM32CubeIDE_1.13.0/STM32CubeIDE/plugins/com.st.stm32cube.ide.mcu.externaltools.gnu-tools-for-stm32.11.3.rel1.win32_1.1.0.202305231506/tools/bin/../lib/gcc/arm-none-eabi/11.3.1/thumb/v7e-m+fp/hard/crtbegin.o
 *(.bss*)
 .bss.uwTick    0x000000002000007c        0x4 ./Drivers/STM32F4xx_HAL_Driver/Src/stm32f4xx_hal.o
                0x000000002000007c                uwTick
 .bss.a1        0x0000000020000080        0x4 ./Src/main.o
                0x0000000020000080                a1
 .bss.a2        0x0000000020000084        0x4 ./Src/main.o
                0x0000000020000084                a2
 .bss.adc_done  0x0000000020000088        0x1 ./Src/main.o
                0x0000000020000088                adc_done
 *fill*         0x0000000020000089        0x1 
 .bss.audioBufferA
                0x000000002000008a      0x168 ./Src/main.o
                0x000000002000008a                audioBufferA
 .bss.audioBufferB
                0x00000000200001f2      0x168 ./Src/main.o
                0x00000000200001f2                audioBufferB
 *fill*         0x000000002000035a        0x2 
 .bss.audioToSend
                0x000000002000035c        0x4 ./Src/main.o
                0x000000002000035c                audioToSend
 .bss.audioToUpdate
                0x0000000020000360        0x4 ./Src/main.o
                0x0000000020000360                audioToUpdate
 .bss.b1        0x0000000020000364        0x4 ./Src/main.o
                0x0000000020000364                b1
 .bss.buffer_to_fill
                0x0000000020000368        0x1 ./Src/main.o
                0x0000000020000368                buffer_to_fill
 *fill*         0x0000000020000369        0x3 
 .bss.hadc1     0x000000002000036c       0x48 ./Src/main.o
                0x000000002000036c                hadc1
 .bss.hi2c1     0x00000000200003b4       0x54 ./Src/main.o
                0x00000000200003b4                hi2c1
 .bss.hi2s3     0x0000000020000408       0x48 ./Src/main.o
                0x0000000020000408                hi2s3
 .bss.htim2     0x0000000020000450       0x40 ./Src/main.o
                0x0000000020000450                htim2
 .bss.i.0       0x0000000020000490        0x4 ./Src/main.o
 .bss.input_buffer
                0x0000000020000494        0x4 ./Src/main.o
                0x0000000020000494                input_buffer
 .bss.row_buffer
                0x0000000020000498        0x4 ./Src/main.o
                0x0000000020000498                row_buffer
 .bss.sample    0x000000002000049c        0x2 ./Src/main.o
                0x000000002000049c                sample
 *fill*         0x000000002000049e        0x2 
 .bss.heap_end.0
                0x00000000200004a0        0x4 ./Src/syscalls.o
 .bss.__malloc_free_list
                0x00000000200004a4        0x4 C:/Program Files (x86)/STM32CubeIDE_1.13.0/STM32CubeIDE/plugins/com.st.stm32cube.ide.mcu.externaltools.gnu-tools-for-stm32.11.3.rel1.win32_1.1.0.202305231506/tools/bin/../lib/gcc/arm-none-eabi/11.3.1/../../../../arm-none-eabi/lib/thumb/v7e-m+fp/hard\libc_nano.a(libc_a-mallocr.o)
                0x00000000200004a4                __malloc_free_list
 .bss.__malloc_sbrk_start
                0x00000000200004a8        0x4 C:/Program Files (x86)/STM32CubeIDE_1.13.0/STM32CubeIDE/plugins/com.st.stm32cube.ide.mcu.externaltools.gnu-tools-for-stm32.11.3.rel1.win32_1.1.0.202305231506/tools/bin/../lib/gcc/arm-none-eabi/11.3.1/../../../../arm-none-eabi/lib/thumb/v7e-m+fp/hard\libc_nano.a(libc_a-mallocr.o)
                0x00000000200004a8                __malloc_sbrk_start
 .bss.__sf      0x00000000200004ac      0x138 C:/Program Files (x86)/STM32CubeIDE_1.13.0/STM32CubeIDE/plugins/com.st.stm32cube.ide.mcu.externaltools.gnu-tools-for-stm32.11.3.rel1.win32_1.1.0.202305231506/tools/bin/../lib/gcc/arm-none-eabi/11.3.1/../../../../arm-none-eabi/lib/thumb/v7e-m+fp/hard\libc_nano.a(libc_a-findfp.o)
                0x00000000200004ac                __sf
 .bss.errno     0x00000000200005e4        0x4 C:/Program Files (x86)/STM32CubeIDE_1.13.0/STM32CubeIDE/plugins/com.st.stm32cube.ide.mcu.externaltools.gnu-tools-for-stm32.11.3.rel1.win32_1.1.0.202305231506/tools/bin/../lib/gcc/arm-none-eabi/11.3.1/../../../../arm-none-eabi/lib/thumb/v7e-m+fp/hard\libc_nano.a(libc_a-reent.o)
                0x00000000200005e4                errno
 .bss.__lock___malloc_recursive_mutex
                0x00000000200005e8        0x1 C:/Program Files (x86)/STM32CubeIDE_1.13.0/STM32CubeIDE/plugins/com.st.stm32cube.ide.mcu.externaltools.gnu-tools-for-stm32.11.3.rel1.win32_1.1.0.202305231506/tools/bin/../lib/gcc/arm-none-eabi/11.3.1/../../../../arm-none-eabi/lib/thumb/v7e-m+fp/hard\libc_nano.a(libc_a-lock.o)
                0x00000000200005e8                __lock___malloc_recursive_mutex
 *(COMMON)
                0x00000000200005ec                . = ALIGN (0x4)
 *fill*         0x00000000200005e9        0x3 
                0x00000000200005ec                _ebss = .
                0x00000000200005ec                __bss_end__ = _ebss

._user_heap_stack
                0x00000000200005ec      0x600
                0x00000000200005ec                . = ALIGN (0x4)
                0x00000000200005ec                PROVIDE (end = .)
                [!provide]                        PROVIDE (_end = .)
                0x00000000200007ec                . = (. + _Min_Heap_Size)
 *fill*         0x00000000200005ec      0x200 
                0x0000000020000bec                . = (. + _Min_Stack_Size)
 *fill*         0x00000000200007ec      0x400 
                0x0000000020000bec                . = ALIGN (0x4)

/DISCARD/
 libc.a(*)
 libm.a(*)
 libgcc.a(*)

.ARM.attributes
                0x0000000000000000       0x30
 *(.ARM.attributes)
 .ARM.attributes
                0x0000000000000000       0x1e C:/Program Files (x86)/STM32CubeIDE_1.13.0/STM32CubeIDE/plugins/com.st.stm32cube.ide.mcu.externaltools.gnu-tools-for-stm32.11.3.rel1.win32_1.1.0.202305231506/tools/bin/../lib/gcc/arm-none-eabi/11.3.1/thumb/v7e-m+fp/hard/crti.o
 .ARM.attributes
                0x000000000000001e       0x34 C:/Program Files (x86)/STM32CubeIDE_1.13.0/STM32CubeIDE/plugins/com.st.stm32cube.ide.mcu.externaltools.gnu-tools-for-stm32.11.3.rel1.win32_1.1.0.202305231506/tools/bin/../lib/gcc/arm-none-eabi/11.3.1/thumb/v7e-m+fp/hard/crtbegin.o
 .ARM.attributes
                0x0000000000000052       0x34 ./Drivers/STM32F4xx_HAL_Driver/Src/stm32f4xx_hal.o
 .ARM.attributes
                0x0000000000000086       0x34 ./Drivers/STM32F4xx_HAL_Driver/Src/stm32f4xx_hal_adc.o
 .ARM.attributes
                0x00000000000000ba       0x34 ./Drivers/STM32F4xx_HAL_Driver/Src/stm32f4xx_hal_adc_ex.o
 .ARM.attributes
                0x00000000000000ee       0x34 ./Drivers/STM32F4xx_HAL_Driver/Src/stm32f4xx_hal_cortex.o
 .ARM.attributes
                0x0000000000000122       0x34 ./Drivers/STM32F4xx_HAL_Driver/Src/stm32f4xx_hal_gpio.o
 .ARM.attributes
                0x0000000000000156       0x34 ./Drivers/STM32F4xx_HAL_Driver/Src/stm32f4xx_hal_i2c.o
 .ARM.attributes
                0x000000000000018a       0x34 ./Drivers/STM32F4xx_HAL_Driver/Src/stm32f4xx_hal_i2s.o
 .ARM.attributes
                0x00000000000001be       0x34 ./Drivers/STM32F4xx_HAL_Driver/Src/stm32f4xx_hal_i2s_ex.o
 .ARM.attributes
                0x00000000000001f2       0x34 ./Drivers/STM32F4xx_HAL_Driver/Src/stm32f4xx_hal_rcc.o
 .ARM.attributes
                0x0000000000000226       0x34 ./Drivers/STM32F4xx_HAL_Driver/Src/stm32f4xx_hal_rcc_ex.o
 .ARM.attributes
                0x000000000000025a       0x34 ./Drivers/STM32F4xx_HAL_Driver/Src/stm32f4xx_hal_tim.o
 .ARM.attributes
                0x000000000000028e       0x34 ./Drivers/STM32F4xx_HAL_Driver/Src/stm32f4xx_hal_tim_ex.o
 .ARM.attributes
                0x00000000000002c2       0x34 ./Src/CS43L22.o
 .ARM.attributes
                0x00000000000002f6       0x34 ./Src/main.o
 .ARM.attributes
                0x000000000000032a       0x34 ./Src/stm32f4xx_hal_msp.o
 .ARM.attributes
                0x000000000000035e       0x34 ./Src/stm32f4xx_it.o
 .ARM.attributes
                0x0000000000000392       0x34 ./Src/syscalls.o
 .ARM.attributes
                0x00000000000003c6       0x34 ./Src/system_stm32f4xx.o
 .ARM.attributes
                0x00000000000003fa       0x21 ./startup/startup_stm32f407xx.o
 .ARM.attributes
                0x000000000000041b       0x34 C:/Program Files (x86)/STM32CubeIDE_1.13.0/STM32CubeIDE/plugins/com.st.stm32cube.ide.mcu.externaltools.gnu-tools-for-stm32.11.3.rel1.win32_1.1.0.202305231506/tools/bin/../lib/gcc/arm-none-eabi/11.3.1/../../../../arm-none-eabi/lib/thumb/v7e-m+fp/hard\libc_nano.a(libc_a-malloc.o)
 .ARM.attributes
                0x000000000000044f       0x34 C:/Program Files (x86)/STM32CubeIDE_1.13.0/STM32CubeIDE/plugins/com.st.stm32cube.ide.mcu.externaltools.gnu-tools-for-stm32.11.3.rel1.win32_1.1.0.202305231506/tools/bin/../lib/gcc/arm-none-eabi/11.3.1/../../../../arm-none-eabi/lib/thumb/v7e-m+fp/hard\libc_nano.a(libc_a-mallocr.o)
 .ARM.attributes
                0x0000000000000483       0x34 C:/Program Files (x86)/STM32CubeIDE_1.13.0/STM32CubeIDE/plugins/com.st.stm32cube.ide.mcu.externaltools.gnu-tools-for-stm32.11.3.rel1.win32_1.1.0.202305231506/tools/bin/../lib/gcc/arm-none-eabi/11.3.1/../../../../arm-none-eabi/lib/thumb/v7e-m+fp/hard\libc_nano.a(libc_a-mlock.o)
 .ARM.attributes
                0x00000000000004b7       0x34 C:/Program Files (x86)/STM32CubeIDE_1.13.0/STM32CubeIDE/plugins/com.st.stm32cube.ide.mcu.externaltools.gnu-tools-for-stm32.11.3.rel1.win32_1.1.0.202305231506/tools/bin/../lib/gcc/arm-none-eabi/11.3.1/../../../../arm-none-eabi/lib/thumb/v7e-m+fp/hard\libc_nano.a(libc_a-findfp.o)
 .ARM.attributes
                0x00000000000004eb       0x34 C:/Program Files (x86)/STM32CubeIDE_1.13.0/STM32CubeIDE/plugins/com.st.stm32cube.ide.mcu.externaltools.gnu-tools-for-stm32.11.3.rel1.win32_1.1.0.202305231506/tools/bin/../lib/gcc/arm-none-eabi/11.3.1/../../../../arm-none-eabi/lib/thumb/v7e-m+fp/hard\libc_nano.a(libc_a-memset.o)
 .ARM.attributes
                0x000000000000051f       0x34 C:/Program Files (x86)/STM32CubeIDE_1.13.0/STM32CubeIDE/plugins/com.st.stm32cube.ide.mcu.externaltools.gnu-tools-for-stm32.11.3.rel1.win32_1.1.0.202305231506/tools/bin/../lib/gcc/arm-none-eabi/11.3.1/../../../../arm-none-eabi/lib/thumb/v7e-m+fp/hard\libc_nano.a(libc_a-reent.o)
 .ARM.attributes
                0x0000000000000553       0x34 C:/Program Files (x86)/STM32CubeIDE_1.13.0/STM32CubeIDE/plugins/com.st.stm32cube.ide.mcu.externaltools.gnu-tools-for-stm32.11.3.rel1.win32_1.1.0.202305231506/tools/bin/../lib/gcc/arm-none-eabi/11.3.1/../../../../arm-none-eabi/lib/thumb/v7e-m+fp/hard\libc_nano.a(libc_a-impure.o)
 .ARM.attributes
                0x0000000000000587       0x34 C:/Program Files (x86)/STM32CubeIDE_1.13.0/STM32CubeIDE/plugins/com.st.stm32cube.ide.mcu.externaltools.gnu-tools-for-stm32.11.3.rel1.win32_1.1.0.202305231506/tools/bin/../lib/gcc/arm-none-eabi/11.3.1/../../../../arm-none-eabi/lib/thumb/v7e-m+fp/hard\libc_nano.a(libc_a-sbrkr.o)
 .ARM.attributes
                0x00000000000005bb       0x34 C:/Program Files (x86)/STM32CubeIDE_1.13.0/STM32CubeIDE/plugins/com.st.stm32cube.ide.mcu.externaltools.gnu-tools-for-stm32.11.3.rel1.win32_1.1.0.202305231506/tools/bin/../lib/gcc/arm-none-eabi/11.3.1/../../../../arm-none-eabi/lib/thumb/v7e-m+fp/hard\libc_nano.a(libc_a-errno.o)
 .ARM.attributes
                0x00000000000005ef       0x34 C:/Program Files (x86)/STM32CubeIDE_1.13.0/STM32CubeIDE/plugins/com.st.stm32cube.ide.mcu.externaltools.gnu-tools-for-stm32.11.3.rel1.win32_1.1.0.202305231506/tools/bin/../lib/gcc/arm-none-eabi/11.3.1/../../../../arm-none-eabi/lib/thumb/v7e-m+fp/hard\libc_nano.a(libc_a-init.o)
 .ARM.attributes
                0x0000000000000623       0x34 C:/Program Files (x86)/STM32CubeIDE_1.13.0/STM32CubeIDE/plugins/com.st.stm32cube.ide.mcu.externaltools.gnu-tools-for-stm32.11.3.rel1.win32_1.1.0.202305231506/tools/bin/../lib/gcc/arm-none-eabi/11.3.1/../../../../arm-none-eabi/lib/thumb/v7e-m+fp/hard\libc_nano.a(libc_a-lock.o)
 .ARM.attributes
                0x0000000000000657       0x1e C:/Program Files (x86)/STM32CubeIDE_1.13.0/STM32CubeIDE/plugins/com.st.stm32cube.ide.mcu.externaltools.gnu-tools-for-stm32.11.3.rel1.win32_1.1.0.202305231506/tools/bin/../lib/gcc/arm-none-eabi/11.3.1/thumb/v7e-m+fp/hard\libgcc.a(_aeabi_uldivmod.o)
 .ARM.attributes
                0x0000000000000675       0x34 C:/Program Files (x86)/STM32CubeIDE_1.13.0/STM32CubeIDE/plugins/com.st.stm32cube.ide.mcu.externaltools.gnu-tools-for-stm32.11.3.rel1.win32_1.1.0.202305231506/tools/bin/../lib/gcc/arm-none-eabi/11.3.1/thumb/v7e-m+fp/hard\libgcc.a(_udivmoddi4.o)
 .ARM.attributes
                0x00000000000006a9       0x1e C:/Program Files (x86)/STM32CubeIDE_1.13.0/STM32CubeIDE/plugins/com.st.stm32cube.ide.mcu.externaltools.gnu-tools-for-stm32.11.3.rel1.win32_1.1.0.202305231506/tools/bin/../lib/gcc/arm-none-eabi/11.3.1/thumb/v7e-m+fp/hard\libgcc.a(_dvmd_tls.o)
 .ARM.attributes
                0x00000000000006c7       0x1e C:/Program Files (x86)/STM32CubeIDE_1.13.0/STM32CubeIDE/plugins/com.st.stm32cube.ide.mcu.externaltools.gnu-tools-for-stm32.11.3.rel1.win32_1.1.0.202305231506/tools/bin/../lib/gcc/arm-none-eabi/11.3.1/thumb/v7e-m+fp/hard/crtn.o
OUTPUT(DTMF_Generate_Starter.elf elf32-littlearm)
LOAD linker stubs
LOAD C:/Program Files (x86)/STM32CubeIDE_1.13.0/STM32CubeIDE/plugins/com.st.stm32cube.ide.mcu.externaltools.gnu-tools-for-stm32.11.3.rel1.win32_1.1.0.202305231506/tools/bin/../lib/gcc/arm-none-eabi/11.3.1/../../../../arm-none-eabi/lib/thumb/v7e-m+fp/hard\libc.a
LOAD C:/Program Files (x86)/STM32CubeIDE_1.13.0/STM32CubeIDE/plugins/com.st.stm32cube.ide.mcu.externaltools.gnu-tools-for-stm32.11.3.rel1.win32_1.1.0.202305231506/tools/bin/../lib/gcc/arm-none-eabi/11.3.1/../../../../arm-none-eabi/lib/thumb/v7e-m+fp/hard\libm.a
LOAD C:/Program Files (x86)/STM32CubeIDE_1.13.0/STM32CubeIDE/plugins/com.st.stm32cube.ide.mcu.externaltools.gnu-tools-for-stm32.11.3.rel1.win32_1.1.0.202305231506/tools/bin/../lib/gcc/arm-none-eabi/11.3.1/thumb/v7e-m+fp/hard\libgcc.a

.comment        0x0000000000000000       0x43
 .comment       0x0000000000000000       0x43 C:/Program Files (x86)/STM32CubeIDE_1.13.0/STM32CubeIDE/plugins/com.st.stm32cube.ide.mcu.externaltools.gnu-tools-for-stm32.11.3.rel1.win32_1.1.0.202305231506/tools/bin/../lib/gcc/arm-none-eabi/11.3.1/thumb/v7e-m+fp/hard/crtbegin.o
                                         0x44 (size before relaxing)
 .comment       0x0000000000000043       0x44 ./Drivers/STM32F4xx_HAL_Driver/Src/stm32f4xx_hal.o
 .comment       0x0000000000000043       0x44 ./Drivers/STM32F4xx_HAL_Driver/Src/stm32f4xx_hal_adc.o
 .comment       0x0000000000000043       0x44 ./Drivers/STM32F4xx_HAL_Driver/Src/stm32f4xx_hal_adc_ex.o
 .comment       0x0000000000000043       0x44 ./Drivers/STM32F4xx_HAL_Driver/Src/stm32f4xx_hal_cortex.o
 .comment       0x0000000000000043       0x44 ./Drivers/STM32F4xx_HAL_Driver/Src/stm32f4xx_hal_gpio.o
 .comment       0x0000000000000043       0x44 ./Drivers/STM32F4xx_HAL_Driver/Src/stm32f4xx_hal_i2c.o
 .comment       0x0000000000000043       0x44 ./Drivers/STM32F4xx_HAL_Driver/Src/stm32f4xx_hal_i2s.o
 .comment       0x0000000000000043       0x44 ./Drivers/STM32F4xx_HAL_Driver/Src/stm32f4xx_hal_i2s_ex.o
 .comment       0x0000000000000043       0x44 ./Drivers/STM32F4xx_HAL_Driver/Src/stm32f4xx_hal_rcc.o
 .comment       0x0000000000000043       0x44 ./Drivers/STM32F4xx_HAL_Driver/Src/stm32f4xx_hal_rcc_ex.o
 .comment       0x0000000000000043       0x44 ./Drivers/STM32F4xx_HAL_Driver/Src/stm32f4xx_hal_tim.o
 .comment       0x0000000000000043       0x44 ./Drivers/STM32F4xx_HAL_Driver/Src/stm32f4xx_hal_tim_ex.o
 .comment       0x0000000000000043       0x44 ./Src/CS43L22.o
 .comment       0x0000000000000043       0x44 ./Src/main.o
 .comment       0x0000000000000043       0x44 ./Src/stm32f4xx_hal_msp.o
 .comment       0x0000000000000043       0x44 ./Src/stm32f4xx_it.o
 .comment       0x0000000000000043       0x44 ./Src/syscalls.o
 .comment       0x0000000000000043       0x44 ./Src/system_stm32f4xx.o

.debug_info     0x0000000000000000    0x13f89
 .debug_info    0x0000000000000000      0x9f4 ./Drivers/STM32F4xx_HAL_Driver/Src/stm32f4xx_hal.o
 .debug_info    0x00000000000009f4      0xe43 ./Drivers/STM32F4xx_HAL_Driver/Src/stm32f4xx_hal_adc.o
 .debug_info    0x0000000000001837      0xc6c ./Drivers/STM32F4xx_HAL_Driver/Src/stm32f4xx_hal_adc_ex.o
 .debug_info    0x00000000000024a3      0xf75 ./Drivers/STM32F4xx_HAL_Driver/Src/stm32f4xx_hal_cortex.o
 .debug_info    0x0000000000003418      0x6f3 ./Drivers/STM32F4xx_HAL_Driver/Src/stm32f4xx_hal_gpio.o
 .debug_info    0x0000000000003b0b     0x368b ./Drivers/STM32F4xx_HAL_Driver/Src/stm32f4xx_hal_i2c.o
 .debug_info    0x0000000000007196     0x1022 ./Drivers/STM32F4xx_HAL_Driver/Src/stm32f4xx_hal_i2s.o
 .debug_info    0x00000000000081b8      0xe11 ./Drivers/STM32F4xx_HAL_Driver/Src/stm32f4xx_hal_i2s_ex.o
 .debug_info    0x0000000000008fc9      0xac1 ./Drivers/STM32F4xx_HAL_Driver/Src/stm32f4xx_hal_rcc.o
 .debug_info    0x0000000000009a8a      0x64b ./Drivers/STM32F4xx_HAL_Driver/Src/stm32f4xx_hal_rcc_ex.o
 .debug_info    0x000000000000a0d5     0x399d ./Drivers/STM32F4xx_HAL_Driver/Src/stm32f4xx_hal_tim.o
 .debug_info    0x000000000000da72     0x143d ./Drivers/STM32F4xx_HAL_Driver/Src/stm32f4xx_hal_tim_ex.o
 .debug_info    0x000000000000eeaf      0x3fc ./Src/CS43L22.o
 .debug_info    0x000000000000f2ab     0x2050 ./Src/main.o
 .debug_info    0x00000000000112fb     0x169c ./Src/stm32f4xx_hal_msp.o
 .debug_info    0x0000000000012997      0x867 ./Src/stm32f4xx_it.o
 .debug_info    0x00000000000131fe      0x83d ./Src/syscalls.o
 .debug_info    0x0000000000013a3b      0x52b ./Src/system_stm32f4xx.o
 .debug_info    0x0000000000013f66       0x23 ./startup/startup_stm32f407xx.o

.debug_abbrev   0x0000000000000000     0x30df
 .debug_abbrev  0x0000000000000000      0x288 ./Drivers/STM32F4xx_HAL_Driver/Src/stm32f4xx_hal.o
 .debug_abbrev  0x0000000000000288      0x303 ./Drivers/STM32F4xx_HAL_Driver/Src/stm32f4xx_hal_adc.o
 .debug_abbrev  0x000000000000058b      0x2e1 ./Drivers/STM32F4xx_HAL_Driver/Src/stm32f4xx_hal_adc_ex.o
 .debug_abbrev  0x000000000000086c      0x391 ./Drivers/STM32F4xx_HAL_Driver/Src/stm32f4xx_hal_cortex.o
 .debug_abbrev  0x0000000000000bfd      0x200 ./Drivers/STM32F4xx_HAL_Driver/Src/stm32f4xx_hal_gpio.o
 .debug_abbrev  0x0000000000000dfd      0x44a ./Drivers/STM32F4xx_HAL_Driver/Src/stm32f4xx_hal_i2c.o
 .debug_abbrev  0x0000000000001247      0x2cf ./Drivers/STM32F4xx_HAL_Driver/Src/stm32f4xx_hal_i2s.o
 .debug_abbrev  0x0000000000001516      0x36f ./Drivers/STM32F4xx_HAL_Driver/Src/stm32f4xx_hal_i2s_ex.o
 .debug_abbrev  0x0000000000001885      0x34d ./Drivers/STM32F4xx_HAL_Driver/Src/stm32f4xx_hal_rcc.o
 .debug_abbrev  0x0000000000001bd2      0x1c2 ./Drivers/STM32F4xx_HAL_Driver/Src/stm32f4xx_hal_rcc_ex.o
 .debug_abbrev  0x0000000000001d94      0x383 ./Drivers/STM32F4xx_HAL_Driver/Src/stm32f4xx_hal_tim.o
 .debug_abbrev  0x0000000000002117      0x2e3 ./Drivers/STM32F4xx_HAL_Driver/Src/stm32f4xx_hal_tim_ex.o
 .debug_abbrev  0x00000000000023fa      0x12f ./Src/CS43L22.o
 .debug_abbrev  0x0000000000002529      0x456 ./Src/main.o
 .debug_abbrev  0x000000000000297f      0x258 ./Src/stm32f4xx_hal_msp.o
 .debug_abbrev  0x0000000000002bd7      0x1aa ./Src/stm32f4xx_it.o
 .debug_abbrev  0x0000000000002d81      0x22c ./Src/syscalls.o
 .debug_abbrev  0x0000000000002fad      0x120 ./Src/system_stm32f4xx.o
 .debug_abbrev  0x00000000000030cd       0x12 ./startup/startup_stm32f407xx.o

.debug_loclists
                0x0000000000000000     0x7539
 .debug_loclists
                0x0000000000000000       0xb8 ./Drivers/STM32F4xx_HAL_Driver/Src/stm32f4xx_hal.o
 .debug_loclists
                0x00000000000000b8      0x5da ./Drivers/STM32F4xx_HAL_Driver/Src/stm32f4xx_hal_adc.o
 .debug_loclists
                0x0000000000000692      0x580 ./Drivers/STM32F4xx_HAL_Driver/Src/stm32f4xx_hal_adc_ex.o
 .debug_loclists
                0x0000000000000c12      0x367 ./Drivers/STM32F4xx_HAL_Driver/Src/stm32f4xx_hal_cortex.o
 .debug_loclists
                0x0000000000000f79      0x2a4 ./Drivers/STM32F4xx_HAL_Driver/Src/stm32f4xx_hal_gpio.o
 .debug_loclists
                0x000000000000121d     0x21dc ./Drivers/STM32F4xx_HAL_Driver/Src/stm32f4xx_hal_i2c.o
 .debug_loclists
                0x00000000000033f9      0x6b7 ./Drivers/STM32F4xx_HAL_Driver/Src/stm32f4xx_hal_i2s.o
 .debug_loclists
                0x0000000000003ab0      0x56e ./Drivers/STM32F4xx_HAL_Driver/Src/stm32f4xx_hal_i2s_ex.o
 .debug_loclists
                0x000000000000401e      0x2ec ./Drivers/STM32F4xx_HAL_Driver/Src/stm32f4xx_hal_rcc.o
 .debug_loclists
                0x000000000000430a      0x262 ./Drivers/STM32F4xx_HAL_Driver/Src/stm32f4xx_hal_rcc_ex.o
 .debug_loclists
                0x000000000000456c     0x21ef ./Drivers/STM32F4xx_HAL_Driver/Src/stm32f4xx_hal_tim.o
 .debug_loclists
                0x000000000000675b      0x758 ./Drivers/STM32F4xx_HAL_Driver/Src/stm32f4xx_hal_tim_ex.o
 .debug_loclists
                0x0000000000006eb3       0x8f ./Src/CS43L22.o
 .debug_loclists
                0x0000000000006f42      0x183 ./Src/main.o
 .debug_loclists
                0x00000000000070c5       0xc1 ./Src/stm32f4xx_hal_msp.o
 .debug_loclists
                0x0000000000007186      0x2ef ./Src/syscalls.o
 .debug_loclists
                0x0000000000007475       0xc4 ./Src/system_stm32f4xx.o

.debug_aranges  0x0000000000000000      0xca0
 .debug_aranges
                0x0000000000000000       0xe8 ./Drivers/STM32F4xx_HAL_Driver/Src/stm32f4xx_hal.o
 .debug_aranges
                0x00000000000000e8       0xb8 ./Drivers/STM32F4xx_HAL_Driver/Src/stm32f4xx_hal_adc.o
 .debug_aranges
                0x00000000000001a0       0x90 ./Drivers/STM32F4xx_HAL_Driver/Src/stm32f4xx_hal_adc_ex.o
 .debug_aranges
                0x0000000000000230       0xa8 ./Drivers/STM32F4xx_HAL_Driver/Src/stm32f4xx_hal_cortex.o
 .debug_aranges
                0x00000000000002d8       0x58 ./Drivers/STM32F4xx_HAL_Driver/Src/stm32f4xx_hal_gpio.o
 .debug_aranges
                0x0000000000000330      0x1b0 ./Drivers/STM32F4xx_HAL_Driver/Src/stm32f4xx_hal_i2c.o
 .debug_aranges
                0x00000000000004e0       0xc8 ./Drivers/STM32F4xx_HAL_Driver/Src/stm32f4xx_hal_i2s.o
 .debug_aranges
                0x00000000000005a8       0x60 ./Drivers/STM32F4xx_HAL_Driver/Src/stm32f4xx_hal_i2s_ex.o
 .debug_aranges
                0x0000000000000608       0x88 ./Drivers/STM32F4xx_HAL_Driver/Src/stm32f4xx_hal_rcc.o
 .debug_aranges
                0x0000000000000690       0x48 ./Drivers/STM32F4xx_HAL_Driver/Src/stm32f4xx_hal_rcc_ex.o
 .debug_aranges
                0x00000000000006d8      0x278 ./Drivers/STM32F4xx_HAL_Driver/Src/stm32f4xx_hal_tim.o
 .debug_aranges
                0x0000000000000950       0xf8 ./Drivers/STM32F4xx_HAL_Driver/Src/stm32f4xx_hal_tim_ex.o
 .debug_aranges
                0x0000000000000a48       0x30 ./Src/CS43L22.o
 .debug_aranges
                0x0000000000000a78       0x90 ./Src/main.o
 .debug_aranges
                0x0000000000000b08       0x60 ./Src/stm32f4xx_hal_msp.o
 .debug_aranges
                0x0000000000000b68       0x38 ./Src/stm32f4xx_it.o
 .debug_aranges
                0x0000000000000ba0       0xb0 ./Src/syscalls.o
 .debug_aranges
                0x0000000000000c50       0x28 ./Src/system_stm32f4xx.o
 .debug_aranges
                0x0000000000000c78       0x28 ./startup/startup_stm32f407xx.o

.debug_rnglists
                0x0000000000000000      0xd00
 .debug_rnglists
                0x0000000000000000       0xa9 ./Drivers/STM32F4xx_HAL_Driver/Src/stm32f4xx_hal.o
 .debug_rnglists
                0x00000000000000a9       0xa0 ./Drivers/STM32F4xx_HAL_Driver/Src/stm32f4xx_hal_adc.o
 .debug_rnglists
                0x0000000000000149       0x6c ./Drivers/STM32F4xx_HAL_Driver/Src/stm32f4xx_hal_adc_ex.o
 .debug_rnglists
                0x00000000000001b5       0xd0 ./Drivers/STM32F4xx_HAL_Driver/Src/stm32f4xx_hal_cortex.o
 .debug_rnglists
                0x0000000000000285       0x52 ./Drivers/STM32F4xx_HAL_Driver/Src/stm32f4xx_hal_gpio.o
 .debug_rnglists
                0x00000000000002d7      0x2fc ./Drivers/STM32F4xx_HAL_Driver/Src/stm32f4xx_hal_i2c.o
 .debug_rnglists
                0x00000000000005d3       0x99 ./Drivers/STM32F4xx_HAL_Driver/Src/stm32f4xx_hal_i2s.o
 .debug_rnglists
                0x000000000000066c       0x49 ./Drivers/STM32F4xx_HAL_Driver/Src/stm32f4xx_hal_i2s_ex.o
 .debug_rnglists
                0x00000000000006b5       0x80 ./Drivers/STM32F4xx_HAL_Driver/Src/stm32f4xx_hal_rcc.o
 .debug_rnglists
                0x0000000000000735       0x3f ./Drivers/STM32F4xx_HAL_Driver/Src/stm32f4xx_hal_rcc_ex.o
 .debug_rnglists
                0x0000000000000774      0x278 ./Drivers/STM32F4xx_HAL_Driver/Src/stm32f4xx_hal_tim.o
 .debug_rnglists
                0x00000000000009ec       0xb8 ./Drivers/STM32F4xx_HAL_Driver/Src/stm32f4xx_hal_tim_ex.o
 .debug_rnglists
                0x0000000000000aa4       0x20 ./Src/CS43L22.o
 .debug_rnglists
                0x0000000000000ac4       0xda ./Src/main.o
 .debug_rnglists
                0x0000000000000b9e       0x80 ./Src/stm32f4xx_hal_msp.o
 .debug_rnglists
                0x0000000000000c1e       0x25 ./Src/stm32f4xx_it.o
 .debug_rnglists
                0x0000000000000c43       0x8b ./Src/syscalls.o
 .debug_rnglists
                0x0000000000000cce       0x19 ./Src/system_stm32f4xx.o
 .debug_rnglists
                0x0000000000000ce7       0x19 ./startup/startup_stm32f407xx.o

.debug_macro    0x0000000000000000    0x22dec
 .debug_macro   0x0000000000000000      0x270 ./Drivers/STM32F4xx_HAL_Driver/Src/stm32f4xx_hal.o
 .debug_macro   0x0000000000000270      0xab4 ./Drivers/STM32F4xx_HAL_Driver/Src/stm32f4xx_hal.o
 .debug_macro   0x0000000000000d24      0x198 ./Drivers/STM32F4xx_HAL_Driver/Src/stm32f4xx_hal.o
 .debug_macro   0x0000000000000ebc       0x32 ./Drivers/STM32F4xx_HAL_Driver/Src/stm32f4xx_hal.o
 .debug_macro   0x0000000000000eee       0x2f ./Drivers/STM32F4xx_HAL_Driver/Src/stm32f4xx_hal.o
 .debug_macro   0x0000000000000f1d       0x22 ./Drivers/STM32F4xx_HAL_Driver/Src/stm32f4xx_hal.o
 .debug_macro   0x0000000000000f3f       0x8e ./Drivers/STM32F4xx_HAL_Driver/Src/stm32f4xx_hal.o
 .debug_macro   0x0000000000000fcd       0x51 ./Drivers/STM32F4xx_HAL_Driver/Src/stm32f4xx_hal.o
 .debug_macro   0x000000000000101e      0x103 ./Drivers/STM32F4xx_HAL_Driver/Src/stm32f4xx_hal.o
 .debug_macro   0x0000000000001121       0x6a ./Drivers/STM32F4xx_HAL_Driver/Src/stm32f4xx_hal.o
 .debug_macro   0x000000000000118b      0x1df ./Drivers/STM32F4xx_HAL_Driver/Src/stm32f4xx_hal.o
 .debug_macro   0x000000000000136a       0x1c ./Drivers/STM32F4xx_HAL_Driver/Src/stm32f4xx_hal.o
 .debug_macro   0x0000000000001386       0x22 ./Drivers/STM32F4xx_HAL_Driver/Src/stm32f4xx_hal.o
 .debug_macro   0x00000000000013a8       0xd9 ./Drivers/STM32F4xx_HAL_Driver/Src/stm32f4xx_hal.o
 .debug_macro   0x0000000000001481     0x102d ./Drivers/STM32F4xx_HAL_Driver/Src/stm32f4xx_hal.o
 .debug_macro   0x00000000000024ae      0x11f ./Drivers/STM32F4xx_HAL_Driver/Src/stm32f4xx_hal.o
 .debug_macro   0x00000000000025cd    0x15e43 ./Drivers/STM32F4xx_HAL_Driver/Src/stm32f4xx_hal.o
 .debug_macro   0x0000000000018410       0x43 ./Drivers/STM32F4xx_HAL_Driver/Src/stm32f4xx_hal.o
 .debug_macro   0x0000000000018453     0x35d4 ./Drivers/STM32F4xx_HAL_Driver/Src/stm32f4xx_hal.o
 .debug_macro   0x000000000001ba27      0x174 ./Drivers/STM32F4xx_HAL_Driver/Src/stm32f4xx_hal.o
 .debug_macro   0x000000000001bb9b       0x4e ./Drivers/STM32F4xx_HAL_Driver/Src/stm32f4xx_hal.o
 .debug_macro   0x000000000001bbe9      0x96b ./Drivers/STM32F4xx_HAL_Driver/Src/stm32f4xx_hal.o
 .debug_macro   0x000000000001c554      0x9fe ./Drivers/STM32F4xx_HAL_Driver/Src/stm32f4xx_hal.o
 .debug_macro   0x000000000001cf52       0xed ./Drivers/STM32F4xx_HAL_Driver/Src/stm32f4xx_hal.o
 .debug_macro   0x000000000001d03f      0x117 ./Drivers/STM32F4xx_HAL_Driver/Src/stm32f4xx_hal.o
 .debug_macro   0x000000000001d156      0x13e ./Drivers/STM32F4xx_HAL_Driver/Src/stm32f4xx_hal.o
 .debug_macro   0x000000000001d294       0x27 ./Drivers/STM32F4xx_HAL_Driver/Src/stm32f4xx_hal.o
 .debug_macro   0x000000000001d2bb      0x287 ./Drivers/STM32F4xx_HAL_Driver/Src/stm32f4xx_hal.o
 .debug_macro   0x000000000001d542       0x5f ./Drivers/STM32F4xx_HAL_Driver/Src/stm32f4xx_hal.o
 .debug_macro   0x000000000001d5a1      0x236 ./Drivers/STM32F4xx_HAL_Driver/Src/stm32f4xx_hal.o
 .debug_macro   0x000000000001d7d7      0x391 ./Drivers/STM32F4xx_HAL_Driver/Src/stm32f4xx_hal.o
 .debug_macro   0x000000000001db68      0x176 ./Drivers/STM32F4xx_HAL_Driver/Src/stm32f4xx_hal.o
 .debug_macro   0x000000000001dcde       0xf9 ./Drivers/STM32F4xx_HAL_Driver/Src/stm32f4xx_hal.o
 .debug_macro   0x000000000001ddd7      0x12c ./Drivers/STM32F4xx_HAL_Driver/Src/stm32f4xx_hal.o
 .debug_macro   0x000000000001df03      0x21e ./Drivers/STM32F4xx_HAL_Driver/Src/stm32f4xx_hal.o
 .debug_macro   0x000000000001e121       0x2e ./Drivers/STM32F4xx_HAL_Driver/Src/stm32f4xx_hal.o
 .debug_macro   0x000000000001e14f      0x1ae ./Drivers/STM32F4xx_HAL_Driver/Src/stm32f4xx_hal.o
 .debug_macro   0x000000000001e2fd       0xd6 ./Drivers/STM32F4xx_HAL_Driver/Src/stm32f4xx_hal.o
 .debug_macro   0x000000000001e3d3      0x199 ./Drivers/STM32F4xx_HAL_Driver/Src/stm32f4xx_hal.o
 .debug_macro   0x000000000001e56c       0x40 ./Drivers/STM32F4xx_HAL_Driver/Src/stm32f4xx_hal.o
 .debug_macro   0x000000000001e5ac       0x4a ./Drivers/STM32F4xx_HAL_Driver/Src/stm32f4xx_hal.o
 .debug_macro   0x000000000001e5f6      0x11a ./Drivers/STM32F4xx_HAL_Driver/Src/stm32f4xx_hal.o
 .debug_macro   0x000000000001e710       0x7e ./Drivers/STM32F4xx_HAL_Driver/Src/stm32f4xx_hal.o
 .debug_macro   0x000000000001e78e       0x89 ./Drivers/STM32F4xx_HAL_Driver/Src/stm32f4xx_hal.o
 .debug_macro   0x000000000001e817      0x87d ./Drivers/STM32F4xx_HAL_Driver/Src/stm32f4xx_hal.o
 .debug_macro   0x000000000001f094       0x47 ./Drivers/STM32F4xx_HAL_Driver/Src/stm32f4xx_hal.o
 .debug_macro   0x000000000001f0db      0x12d ./Drivers/STM32F4xx_HAL_Driver/Src/stm32f4xx_hal.o
 .debug_macro   0x000000000001f208      0x211 ./Drivers/STM32F4xx_HAL_Driver/Src/stm32f4xx_hal_adc.o
 .debug_macro   0x000000000001f419      0x210 ./Drivers/STM32F4xx_HAL_Driver/Src/stm32f4xx_hal_adc_ex.o
 .debug_macro   0x000000000001f629      0x210 ./Drivers/STM32F4xx_HAL_Driver/Src/stm32f4xx_hal_cortex.o
 .debug_macro   0x000000000001f839      0x246 ./Drivers/STM32F4xx_HAL_Driver/Src/stm32f4xx_hal_gpio.o
 .debug_macro   0x000000000001fa7f      0x250 ./Drivers/STM32F4xx_HAL_Driver/Src/stm32f4xx_hal_i2c.o
 .debug_macro   0x000000000001fccf      0x211 ./Drivers/STM32F4xx_HAL_Driver/Src/stm32f4xx_hal_i2s.o
 .debug_macro   0x000000000001fee0      0x210 ./Drivers/STM32F4xx_HAL_Driver/Src/stm32f4xx_hal_i2s_ex.o
 .debug_macro   0x00000000000200f0      0x234 ./Drivers/STM32F4xx_HAL_Driver/Src/stm32f4xx_hal_rcc.o
 .debug_macro   0x0000000000020324      0x210 ./Drivers/STM32F4xx_HAL_Driver/Src/stm32f4xx_hal_rcc_ex.o
 .debug_macro   0x0000000000020534      0x211 ./Drivers/STM32F4xx_HAL_Driver/Src/stm32f4xx_hal_tim.o
 .debug_macro   0x0000000000020745      0x210 ./Drivers/STM32F4xx_HAL_Driver/Src/stm32f4xx_hal_tim_ex.o
 .debug_macro   0x0000000000020955       0x6c ./Src/CS43L22.o
 .debug_macro   0x00000000000209c1      0x18a ./Src/CS43L22.o
 .debug_macro   0x0000000000020b4b      0x395 ./Src/main.o
 .debug_macro   0x0000000000020ee0       0xe8 ./Src/main.o
 .debug_macro   0x0000000000020fc8       0x61 ./Src/main.o
 .debug_macro   0x0000000000021029       0x2a ./Src/main.o
 .debug_macro   0x0000000000021053       0x43 ./Src/main.o
 .debug_macro   0x0000000000021096       0x34 ./Src/main.o
 .debug_macro   0x00000000000210ca       0x16 ./Src/main.o
 .debug_macro   0x00000000000210e0       0x43 ./Src/main.o
 .debug_macro   0x0000000000021123       0x34 ./Src/main.o
 .debug_macro   0x0000000000021157       0x10 ./Src/main.o
 .debug_macro   0x0000000000021167       0x58 ./Src/main.o
 .debug_macro   0x00000000000211bf       0x8e ./Src/main.o
 .debug_macro   0x000000000002124d       0x1c ./Src/main.o
 .debug_macro   0x0000000000021269      0x177 ./Src/main.o
 .debug_macro   0x00000000000213e0      0x369 ./Src/main.o
 .debug_macro   0x0000000000021749      0x19b ./Src/main.o
 .debug_macro   0x00000000000218e4       0x16 ./Src/main.o
 .debug_macro   0x00000000000218fa       0x35 ./Src/main.o
 .debug_macro   0x000000000002192f       0x20 ./Src/main.o
 .debug_macro   0x000000000002194f       0x16 ./Src/main.o
 .debug_macro   0x0000000000021965       0x16 ./Src/main.o
 .debug_macro   0x000000000002197b       0x29 ./Src/main.o
 .debug_macro   0x00000000000219a4       0x1c ./Src/main.o
 .debug_macro   0x00000000000219c0       0x10 ./Src/main.o
 .debug_macro   0x00000000000219d0       0x1c ./Src/main.o
 .debug_macro   0x00000000000219ec       0x16 ./Src/main.o
 .debug_macro   0x0000000000021a02      0x147 ./Src/main.o
 .debug_macro   0x0000000000021b49      0x21f ./Src/stm32f4xx_hal_msp.o
 .debug_macro   0x0000000000021d68      0x229 ./Src/stm32f4xx_it.o
 .debug_macro   0x0000000000021f91      0x274 ./Src/syscalls.o
 .debug_macro   0x0000000000022205       0x5b ./Src/syscalls.o
 .debug_macro   0x0000000000022260       0x94 ./Src/syscalls.o
 .debug_macro   0x00000000000222f4       0x57 ./Src/syscalls.o
 .debug_macro   0x000000000002234b       0x10 ./Src/syscalls.o
 .debug_macro   0x000000000002235b       0x10 ./Src/syscalls.o
 .debug_macro   0x000000000002236b       0x10 ./Src/syscalls.o
 .debug_macro   0x000000000002237b       0x10 ./Src/syscalls.o
 .debug_macro   0x000000000002238b       0x1c ./Src/syscalls.o
 .debug_macro   0x00000000000223a7       0x52 ./Src/syscalls.o
 .debug_macro   0x00000000000223f9       0x22 ./Src/syscalls.o
 .debug_macro   0x000000000002241b       0x10 ./Src/syscalls.o
 .debug_macro   0x000000000002242b       0x52 ./Src/syscalls.o
 .debug_macro   0x000000000002247d       0xcf ./Src/syscalls.o
 .debug_macro   0x000000000002254c       0x1c ./Src/syscalls.o
 .debug_macro   0x0000000000022568       0x3d ./Src/syscalls.o
 .debug_macro   0x00000000000225a5       0x35 ./Src/syscalls.o
 .debug_macro   0x00000000000225da      0x12c ./Src/syscalls.o
 .debug_macro   0x0000000000022706       0x10 ./Src/syscalls.o
 .debug_macro   0x0000000000022716      0x242 ./Src/syscalls.o
 .debug_macro   0x0000000000022958       0x10 ./Src/syscalls.o
 .debug_macro   0x0000000000022968      0x18a ./Src/syscalls.o
 .debug_macro   0x0000000000022af2       0x16 ./Src/syscalls.o
 .debug_macro   0x0000000000022b08       0xce ./Src/syscalls.o
 .debug_macro   0x0000000000022bd6      0x216 ./Src/system_stm32f4xx.o

.debug_line     0x0000000000000000    0x18829
 .debug_line    0x0000000000000000      0xc9a ./Drivers/STM32F4xx_HAL_Driver/Src/stm32f4xx_hal.o
 .debug_line    0x0000000000000c9a     0x1638 ./Drivers/STM32F4xx_HAL_Driver/Src/stm32f4xx_hal_adc.o
 .debug_line    0x00000000000022d2     0x123c ./Drivers/STM32F4xx_HAL_Driver/Src/stm32f4xx_hal_adc_ex.o
 .debug_line    0x000000000000350e      0xf30 ./Drivers/STM32F4xx_HAL_Driver/Src/stm32f4xx_hal_cortex.o
 .debug_line    0x000000000000443e      0xe99 ./Drivers/STM32F4xx_HAL_Driver/Src/stm32f4xx_hal_gpio.o
 .debug_line    0x00000000000052d7     0x5769 ./Drivers/STM32F4xx_HAL_Driver/Src/stm32f4xx_hal_i2c.o
 .debug_line    0x000000000000aa40     0x16f1 ./Drivers/STM32F4xx_HAL_Driver/Src/stm32f4xx_hal_i2s.o
 .debug_line    0x000000000000c131     0x1570 ./Drivers/STM32F4xx_HAL_Driver/Src/stm32f4xx_hal_i2s_ex.o
 .debug_line    0x000000000000d6a1     0x11a9 ./Drivers/STM32F4xx_HAL_Driver/Src/stm32f4xx_hal_rcc.o
 .debug_line    0x000000000000e84a      0xdc9 ./Drivers/STM32F4xx_HAL_Driver/Src/stm32f4xx_hal_rcc_ex.o
 .debug_line    0x000000000000f613     0x3a33 ./Drivers/STM32F4xx_HAL_Driver/Src/stm32f4xx_hal_tim.o
 .debug_line    0x0000000000013046     0x14b9 ./Drivers/STM32F4xx_HAL_Driver/Src/stm32f4xx_hal_tim_ex.o
 .debug_line    0x00000000000144ff      0x69d ./Src/CS43L22.o
 .debug_line    0x0000000000014b9c     0x11c9 ./Src/main.o
 .debug_line    0x0000000000015d65      0xb69 ./Src/stm32f4xx_hal_msp.o
 .debug_line    0x00000000000168ce      0x98a ./Src/stm32f4xx_it.o
 .debug_line    0x0000000000017258      0xb4a ./Src/syscalls.o
 .debug_line    0x0000000000017da2      0xa0f ./Src/system_stm32f4xx.o
 .debug_line    0x00000000000187b1       0x78 ./startup/startup_stm32f407xx.o

.debug_str      0x0000000000000000    0xd211c
 .debug_str     0x0000000000000000    0xc7567 ./Drivers/STM32F4xx_HAL_Driver/Src/stm32f4xx_hal.o
                                      0xc78e3 (size before relaxing)
 .debug_str     0x00000000000c7567      0x677 ./Drivers/STM32F4xx_HAL_Driver/Src/stm32f4xx_hal_adc.o
                                      0xc734a (size before relaxing)
 .debug_str     0x00000000000c7bde      0x2df ./Drivers/STM32F4xx_HAL_Driver/Src/stm32f4xx_hal_adc_ex.o
                                      0xc73ad (size before relaxing)
 .debug_str     0x00000000000c7ebd      0x3a1 ./Drivers/STM32F4xx_HAL_Driver/Src/stm32f4xx_hal_cortex.o
                                      0xc7623 (size before relaxing)
 .debug_str     0x00000000000c825e      0x281 ./Drivers/STM32F4xx_HAL_Driver/Src/stm32f4xx_hal_gpio.o
                                      0xc6f94 (size before relaxing)
 .debug_str     0x00000000000c84df      0xd25 ./Drivers/STM32F4xx_HAL_Driver/Src/stm32f4xx_hal_i2c.o
                                      0xc7ceb (size before relaxing)
 .debug_str     0x00000000000c9204      0x460 ./Drivers/STM32F4xx_HAL_Driver/Src/stm32f4xx_hal_i2s.o
                                      0xc7347 (size before relaxing)
 .debug_str     0x00000000000c9664      0x1d1 ./Drivers/STM32F4xx_HAL_Driver/Src/stm32f4xx_hal_i2s_ex.o
                                      0xc7268 (size before relaxing)
 .debug_str     0x00000000000c9835      0x391 ./Drivers/STM32F4xx_HAL_Driver/Src/stm32f4xx_hal_rcc.o
                                      0xc719b (size before relaxing)
 .debug_str     0x00000000000c9bc6      0x15e ./Drivers/STM32F4xx_HAL_Driver/Src/stm32f4xx_hal_rcc_ex.o
                                      0xc6eb3 (size before relaxing)
 .debug_str     0x00000000000c9d24      0xf35 ./Drivers/STM32F4xx_HAL_Driver/Src/stm32f4xx_hal_tim.o
                                      0xc7ed8 (size before relaxing)
 .debug_str     0x00000000000cac59      0x4b7 ./Drivers/STM32F4xx_HAL_Driver/Src/stm32f4xx_hal_tim_ex.o
                                      0xc7721 (size before relaxing)
 .debug_str     0x00000000000cb110      0x81e ./Src/CS43L22.o
                                       0x4574 (size before relaxing)
 .debug_str     0x00000000000cb92e     0x46ca ./Src/main.o
                                      0xcca6f (size before relaxing)
 .debug_str     0x00000000000cfff8       0x25 ./Src/stm32f4xx_hal_msp.o
                                      0xc80d7 (size before relaxing)
 .debug_str     0x00000000000d001d       0x63 ./Src/stm32f4xx_it.o
                                      0xc7576 (size before relaxing)
 .debug_str     0x00000000000d0080     0x2015 ./Src/syscalls.o
                                       0x9914 (size before relaxing)
 .debug_str     0x00000000000d2095       0x5a ./Src/system_stm32f4xx.o
                                      0xc6d7c (size before relaxing)
 .debug_str     0x00000000000d20ef       0x2d ./startup/startup_stm32f407xx.o
                                         0x7f (size before relaxing)

.debug_frame    0x0000000000000000     0x29e4
 .debug_frame   0x0000000000000000      0x1f0 ./Drivers/STM32F4xx_HAL_Driver/Src/stm32f4xx_hal.o
 .debug_frame   0x00000000000001f0      0x248 ./Drivers/STM32F4xx_HAL_Driver/Src/stm32f4xx_hal_adc.o
 .debug_frame   0x0000000000000438      0x160 ./Drivers/STM32F4xx_HAL_Driver/Src/stm32f4xx_hal_adc_ex.o
 .debug_frame   0x0000000000000598      0x158 ./Drivers/STM32F4xx_HAL_Driver/Src/stm32f4xx_hal_cortex.o
 .debug_frame   0x00000000000006f0       0xd8 ./Drivers/STM32F4xx_HAL_Driver/Src/stm32f4xx_hal_gpio.o
 .debug_frame   0x00000000000007c8      0x72c ./Drivers/STM32F4xx_HAL_Driver/Src/stm32f4xx_hal_i2c.o
 .debug_frame   0x0000000000000ef4      0x290 ./Drivers/STM32F4xx_HAL_Driver/Src/stm32f4xx_hal_i2s.o
 .debug_frame   0x0000000000001184      0x138 ./Drivers/STM32F4xx_HAL_Driver/Src/stm32f4xx_hal_i2s_ex.o
 .debug_frame   0x00000000000012bc      0x13c ./Drivers/STM32F4xx_HAL_Driver/Src/stm32f4xx_hal_rcc.o
 .debug_frame   0x00000000000013f8       0xa8 ./Drivers/STM32F4xx_HAL_Driver/Src/stm32f4xx_hal_rcc_ex.o
 .debug_frame   0x00000000000014a0      0x924 ./Drivers/STM32F4xx_HAL_Driver/Src/stm32f4xx_hal_tim.o
 .debug_frame   0x0000000000001dc4      0x360 ./Drivers/STM32F4xx_HAL_Driver/Src/stm32f4xx_hal_tim_ex.o
 .debug_frame   0x0000000000002124       0x54 ./Src/CS43L22.o
 .debug_frame   0x0000000000002178      0x164 ./Src/main.o
 .debug_frame   0x00000000000022dc      0x104 ./Src/stm32f4xx_hal_msp.o
 .debug_frame   0x00000000000023e0       0x60 ./Src/stm32f4xx_it.o
 .debug_frame   0x0000000000002440      0x1a8 ./Src/syscalls.o
 .debug_frame   0x00000000000025e8       0x30 ./Src/system_stm32f4xx.o
 .debug_frame   0x0000000000002618       0x30 C:/Program Files (x86)/STM32CubeIDE_1.13.0/STM32CubeIDE/plugins/com.st.stm32cube.ide.mcu.externaltools.gnu-tools-for-stm32.11.3.rel1.win32_1.1.0.202305231506/tools/bin/../lib/gcc/arm-none-eabi/11.3.1/../../../../arm-none-eabi/lib/thumb/v7e-m+fp/hard\libc_nano.a(libc_a-malloc.o)
 .debug_frame   0x0000000000002648       0x50 C:/Program Files (x86)/STM32CubeIDE_1.13.0/STM32CubeIDE/plugins/com.st.stm32cube.ide.mcu.externaltools.gnu-tools-for-stm32.11.3.rel1.win32_1.1.0.202305231506/tools/bin/../lib/gcc/arm-none-eabi/11.3.1/../../../../arm-none-eabi/lib/thumb/v7e-m+fp/hard\libc_nano.a(libc_a-mallocr.o)
 .debug_frame   0x0000000000002698       0x30 C:/Program Files (x86)/STM32CubeIDE_1.13.0/STM32CubeIDE/plugins/com.st.stm32cube.ide.mcu.externaltools.gnu-tools-for-stm32.11.3.rel1.win32_1.1.0.202305231506/tools/bin/../lib/gcc/arm-none-eabi/11.3.1/../../../../arm-none-eabi/lib/thumb/v7e-m+fp/hard\libc_nano.a(libc_a-mlock.o)
 .debug_frame   0x00000000000026c8      0x13c C:/Program Files (x86)/STM32CubeIDE_1.13.0/STM32CubeIDE/plugins/com.st.stm32cube.ide.mcu.externaltools.gnu-tools-for-stm32.11.3.rel1.win32_1.1.0.202305231506/tools/bin/../lib/gcc/arm-none-eabi/11.3.1/../../../../arm-none-eabi/lib/thumb/v7e-m+fp/hard\libc_nano.a(libc_a-findfp.o)
 .debug_frame   0x0000000000002804       0x20 C:/Program Files (x86)/STM32CubeIDE_1.13.0/STM32CubeIDE/plugins/com.st.stm32cube.ide.mcu.externaltools.gnu-tools-for-stm32.11.3.rel1.win32_1.1.0.202305231506/tools/bin/../lib/gcc/arm-none-eabi/11.3.1/../../../../arm-none-eabi/lib/thumb/v7e-m+fp/hard\libc_nano.a(libc_a-memset.o)
 .debug_frame   0x0000000000002824       0x38 C:/Program Files (x86)/STM32CubeIDE_1.13.0/STM32CubeIDE/plugins/com.st.stm32cube.ide.mcu.externaltools.gnu-tools-for-stm32.11.3.rel1.win32_1.1.0.202305231506/tools/bin/../lib/gcc/arm-none-eabi/11.3.1/../../../../arm-none-eabi/lib/thumb/v7e-m+fp/hard\libc_nano.a(libc_a-reent.o)
 .debug_frame   0x000000000000285c       0x2c C:/Program Files (x86)/STM32CubeIDE_1.13.0/STM32CubeIDE/plugins/com.st.stm32cube.ide.mcu.externaltools.gnu-tools-for-stm32.11.3.rel1.win32_1.1.0.202305231506/tools/bin/../lib/gcc/arm-none-eabi/11.3.1/../../../../arm-none-eabi/lib/thumb/v7e-m+fp/hard\libc_nano.a(libc_a-sbrkr.o)
 .debug_frame   0x0000000000002888       0x20 C:/Program Files (x86)/STM32CubeIDE_1.13.0/STM32CubeIDE/plugins/com.st.stm32cube.ide.mcu.externaltools.gnu-tools-for-stm32.11.3.rel1.win32_1.1.0.202305231506/tools/bin/../lib/gcc/arm-none-eabi/11.3.1/../../../../arm-none-eabi/lib/thumb/v7e-m+fp/hard\libc_nano.a(libc_a-errno.o)
 .debug_frame   0x00000000000028a8       0x2c C:/Program Files (x86)/STM32CubeIDE_1.13.0/STM32CubeIDE/plugins/com.st.stm32cube.ide.mcu.externaltools.gnu-tools-for-stm32.11.3.rel1.win32_1.1.0.202305231506/tools/bin/../lib/gcc/arm-none-eabi/11.3.1/../../../../arm-none-eabi/lib/thumb/v7e-m+fp/hard\libc_nano.a(libc_a-init.o)
 .debug_frame   0x00000000000028d4       0xb0 C:/Program Files (x86)/STM32CubeIDE_1.13.0/STM32CubeIDE/plugins/com.st.stm32cube.ide.mcu.externaltools.gnu-tools-for-stm32.11.3.rel1.win32_1.1.0.202305231506/tools/bin/../lib/gcc/arm-none-eabi/11.3.1/../../../../arm-none-eabi/lib/thumb/v7e-m+fp/hard\libc_nano.a(libc_a-lock.o)
 .debug_frame   0x0000000000002984       0x2c C:/Program Files (x86)/STM32CubeIDE_1.13.0/STM32CubeIDE/plugins/com.st.stm32cube.ide.mcu.externaltools.gnu-tools-for-stm32.11.3.rel1.win32_1.1.0.202305231506/tools/bin/../lib/gcc/arm-none-eabi/11.3.1/thumb/v7e-m+fp/hard\libgcc.a(_aeabi_uldivmod.o)
 .debug_frame   0x00000000000029b0       0x34 C:/Program Files (x86)/STM32CubeIDE_1.13.0/STM32CubeIDE/plugins/com.st.stm32cube.ide.mcu.externaltools.gnu-tools-for-stm32.11.3.rel1.win32_1.1.0.202305231506/tools/bin/../lib/gcc/arm-none-eabi/11.3.1/thumb/v7e-m+fp/hard\libgcc.a(_udivmoddi4.o)

.debug_line_str
                0x0000000000000000       0x73
 .debug_line_str
                0x0000000000000000       0x73 ./startup/startup_stm32f407xx.o
                                         0x89 (size before relaxing)
