../Src/main.c:232:6:SystemClock_Config	112	static
../Src/main.c:490:6:HAL_I2S_TxCpltCallback	0	static
../Src/main.c:557:6:HAL_ADC_ConvCpltCallback	0	static
../Src/main.c:566:11:select_buffer_to_transmit	0	static
../Src/main.c:584:6:audio_buffer_init	8	static
../Src/main.c:621:6:CS43L22_EXTERNAL_DAC_I2S_transmit	0	static
../Src/main.c:628:6:CS43L22_EXTERNAL_DAC_I2C_write	16	static
../Src/main.c:635:6:CS43L22_EXTERNAL_DAC_I2C_recieve	16	static
../Src/main.c:641:6:CS43L22_EXTERNAL_DAC_enable	0	static
../Src/main.c:650:7:next_sample	12	static
../Src/main.c:502:6:load_buffer	40	static
../Src/main.c:541:6:fill_buffers	8	static
../Src/main.c:662:7:create_circ_buffer	24	static
../Src/main.c:693:4:create_diff_eq	40	static
../Src/main.c:148:5:main	56	static
../Src/main.c:712:6:Error_Handler	0	static
