main.c:196:6:SystemClock_Config	112	static
main.c:454:6:HAL_I2S_TxCpltCallback	0	static
main.c:466:6:load_buffer	8	static
main.c:495:6:fill_buffers	8	static
main.c:511:6:HAL_ADC_ConvCpltCallback	0	static
main.c:520:11:select_buffer_to_transmit	0	static
main.c:538:6:audio_buffer_init	0	static
main.c:121:5:main	56	static
main.c:575:6:CS43L22_EXTERNAL_DAC_I2S_transmit	0	static
main.c:582:6:CS43L22_EXTERNAL_DAC_I2C_write	16	static
main.c:589:6:CS43L22_EXTERNAL_DAC_I2C_recieve	16	static
main.c:595:6:CS43L22_EXTERNAL_DAC_enable	0	static
main.c:610:6:Error_Handler	0	static
