../Src/stm32f4xx_hal_msp.c:64:6:HAL_MspInit	8	static
../Src/stm32f4xx_hal_msp.c:86:6:HAL_ADC_MspInit	40	static
../Src/stm32f4xx_hal_msp.c:122:6:HAL_ADC_MspDeInit	8	static
../Src/stm32f4xx_hal_msp.c:152:6:HAL_I2C_MspInit	48	static
../Src/stm32f4xx_hal_msp.c:188:6:HAL_I2C_MspDeInit	0	static
../Src/stm32f4xx_hal_msp.c:217:6:HAL_I2S_MspInit	56	static
../Src/stm32f4xx_hal_msp.c:266:6:HAL_I2S_MspDeInit	8	static
../Src/stm32f4xx_hal_msp.c:301:6:HAL_TIM_Base_MspInit	8	static
../Src/stm32f4xx_hal_msp.c:323:6:HAL_TIM_Base_MspDeInit	0	static
