Archive member included to satisfy reference by file (symbol)

c:/program files (x86)/atollic/truestudio for stm32 9.0.1/armtools/bin/../lib/gcc/arm-atollic-eabi/6.3.1/../../../../arm-atollic-eabi/lib/armv7e-m/fpu\libc_nano.a(lib_a-errno.o)
                              Src\syscalls.o (__errno)
c:/program files (x86)/atollic/truestudio for stm32 9.0.1/armtools/bin/../lib/gcc/arm-atollic-eabi/6.3.1/../../../../arm-atollic-eabi/lib/armv7e-m/fpu\libc_nano.a(lib_a-impure.o)
                              c:/program files (x86)/atollic/truestudio for stm32 9.0.1/armtools/bin/../lib/gcc/arm-atollic-eabi/6.3.1/../../../../arm-atollic-eabi/lib/armv7e-m/fpu\libc_nano.a(lib_a-errno.o) (_impure_ptr)
c:/program files (x86)/atollic/truestudio for stm32 9.0.1/armtools/bin/../lib/gcc/arm-atollic-eabi/6.3.1/../../../../arm-atollic-eabi/lib/armv7e-m/fpu\libc_nano.a(lib_a-init.o)
                              startup\startup_stm32f407xx.o (__libc_init_array)
c:/program files (x86)/atollic/truestudio for stm32 9.0.1/armtools/bin/../lib/gcc/arm-atollic-eabi/6.3.1/../../../../arm-atollic-eabi/lib/armv7e-m/fpu\libc_nano.a(lib_a-memset.o)
                              Src\main.o (memset)
c:/program files (x86)/atollic/truestudio for stm32 9.0.1/armtools/bin/../lib/gcc/arm-atollic-eabi/6.3.1/armv7e-m/fpu\libgcc.a(_aeabi_uldivmod.o)
                              Drivers\STM32F4xx_HAL_Driver\Src\stm32f4xx_hal_rcc.o (__aeabi_uldivmod)
c:/program files (x86)/atollic/truestudio for stm32 9.0.1/armtools/bin/../lib/gcc/arm-atollic-eabi/6.3.1/armv7e-m/fpu\libgcc.a(_udivmoddi4.o)
                              c:/program files (x86)/atollic/truestudio for stm32 9.0.1/armtools/bin/../lib/gcc/arm-atollic-eabi/6.3.1/armv7e-m/fpu\libgcc.a(_aeabi_uldivmod.o) (__udivmoddi4)
c:/program files (x86)/atollic/truestudio for stm32 9.0.1/armtools/bin/../lib/gcc/arm-atollic-eabi/6.3.1/armv7e-m/fpu\libgcc.a(_dvmd_tls.o)
                              c:/program files (x86)/atollic/truestudio for stm32 9.0.1/armtools/bin/../lib/gcc/arm-atollic-eabi/6.3.1/armv7e-m/fpu\libgcc.a(_aeabi_uldivmod.o) (__aeabi_ldiv0)

Allocating common symbols
Common symbol       size              file

hi2c1               0x54              Src\main.o
uwTick              0x4               Drivers\STM32F4xx_HAL_Driver\Src\stm32f4xx_hal.o
pFlash              0x20              Drivers\STM32F4xx_HAL_Driver\Src\stm32f4xx_hal_flash.o
audioBufferA        0x168             Src\main.o
hadc1               0x48              Src\main.o
audioBufferB        0x168             Src\main.o
htim2               0x40              Src\main.o
sample              0x2               Src\main.o
hi2s3               0x48              Src\main.o

Discarded input sections

 .text          0x00000000        0x0 c:/program files (x86)/atollic/truestudio for stm32 9.0.1/armtools/bin/../lib/gcc/arm-atollic-eabi/6.3.1/armv7e-m/fpu/crti.o
 .data          0x00000000        0x0 c:/program files (x86)/atollic/truestudio for stm32 9.0.1/armtools/bin/../lib/gcc/arm-atollic-eabi/6.3.1/armv7e-m/fpu/crti.o
 .bss           0x00000000        0x0 c:/program files (x86)/atollic/truestudio for stm32 9.0.1/armtools/bin/../lib/gcc/arm-atollic-eabi/6.3.1/armv7e-m/fpu/crti.o
 .data          0x00000000        0x4 c:/program files (x86)/atollic/truestudio for stm32 9.0.1/armtools/bin/../lib/gcc/arm-atollic-eabi/6.3.1/armv7e-m/fpu/crtbegin.o
 .text          0x00000000        0x0 Drivers\STM32F4xx_HAL_Driver\Src\stm32f4xx_hal.o
 .data          0x00000000        0x0 Drivers\STM32F4xx_HAL_Driver\Src\stm32f4xx_hal.o
 .bss           0x00000000        0x0 Drivers\STM32F4xx_HAL_Driver\Src\stm32f4xx_hal.o
 .text.HAL_MspInit
                0x00000000        0x2 Drivers\STM32F4xx_HAL_Driver\Src\stm32f4xx_hal.o
 .text.HAL_MspDeInit
                0x00000000        0x2 Drivers\STM32F4xx_HAL_Driver\Src\stm32f4xx_hal.o
 .text.HAL_DeInit
                0x00000000       0x2c Drivers\STM32F4xx_HAL_Driver\Src\stm32f4xx_hal.o
 .text.HAL_GetTickPrio
                0x00000000        0xc Drivers\STM32F4xx_HAL_Driver\Src\stm32f4xx_hal.o
 .text.HAL_SetTickFreq
                0x00000000       0x24 Drivers\STM32F4xx_HAL_Driver\Src\stm32f4xx_hal.o
 .text.HAL_GetTickFreq
                0x00000000        0xc Drivers\STM32F4xx_HAL_Driver\Src\stm32f4xx_hal.o
 .text.HAL_Delay
                0x00000000       0x28 Drivers\STM32F4xx_HAL_Driver\Src\stm32f4xx_hal.o
 .text.HAL_SuspendTick
                0x00000000       0x10 Drivers\STM32F4xx_HAL_Driver\Src\stm32f4xx_hal.o
 .text.HAL_ResumeTick
                0x00000000       0x10 Drivers\STM32F4xx_HAL_Driver\Src\stm32f4xx_hal.o
 .text.HAL_GetHalVersion
                0x00000000        0x8 Drivers\STM32F4xx_HAL_Driver\Src\stm32f4xx_hal.o
 .text.HAL_GetREVID
                0x00000000        0xc Drivers\STM32F4xx_HAL_Driver\Src\stm32f4xx_hal.o
 .text.HAL_GetDEVID
                0x00000000       0x10 Drivers\STM32F4xx_HAL_Driver\Src\stm32f4xx_hal.o
 .text.HAL_DBGMCU_EnableDBGSleepMode
[...]
Memory Configuration

Name             Origin             Length             Attributes
RAM              0x20000000         0x00020000         xrw
CCMRAM           0x10000000         0x00010000         rw
FLASH            0x08000000         0x00100000         xr
*default*        0x00000000         0xffffffff

Linker script and memory map

LOAD c:/program files (x86)/atollic/truestudio for stm32 9.0.1/armtools/bin/../lib/gcc/arm-atollic-eabi/6.3.1/armv7e-m/fpu/crti.o
LOAD c:/program files (x86)/atollic/truestudio for stm32 9.0.1/armtools/bin/../lib/gcc/arm-atollic-eabi/6.3.1/armv7e-m/fpu/crtbegin.o
LOAD Drivers\STM32F4xx_HAL_Driver\Src\stm32f4xx_hal.o
LOAD Drivers\STM32F4xx_HAL_Driver\Src\stm32f4xx_hal_adc.o
LOAD Drivers\STM32F4xx_HAL_Driver\Src\stm32f4xx_hal_adc_ex.o
LOAD Drivers\STM32F4xx_HAL_Driver\Src\stm32f4xx_hal_cortex.o
LOAD Drivers\STM32F4xx_HAL_Driver\Src\stm32f4xx_hal_dma.o
LOAD Drivers\STM32F4xx_HAL_Driver\Src\stm32f4xx_hal_dma_ex.o
LOAD Drivers\STM32F4xx_HAL_Driver\Src\stm32f4xx_hal_exti.o
LOAD Drivers\STM32F4xx_HAL_Driver\Src\stm32f4xx_hal_flash.o
LOAD Drivers\STM32F4xx_HAL_Driver\Src\stm32f4xx_hal_flash_ex.o
LOAD Drivers\STM32F4xx_HAL_Driver\Src\stm32f4xx_hal_flash_ramfunc.o
LOAD Drivers\STM32F4xx_HAL_Driver\Src\stm32f4xx_hal_gpio.o
LOAD Drivers\STM32F4xx_HAL_Driver\Src\stm32f4xx_hal_i2c.o
LOAD Drivers\STM32F4xx_HAL_Driver\Src\stm32f4xx_hal_i2c_ex.o
LOAD Drivers\STM32F4xx_HAL_Driver\Src\stm32f4xx_hal_i2s.o
LOAD Drivers\STM32F4xx_HAL_Driver\Src\stm32f4xx_hal_i2s_ex.o
LOAD Drivers\STM32F4xx_HAL_Driver\Src\stm32f4xx_hal_pwr.o
LOAD Drivers\STM32F4xx_HAL_Driver\Src\stm32f4xx_hal_pwr_ex.o
LOAD Drivers\STM32F4xx_HAL_Driver\Src\stm32f4xx_hal_rcc.o
LOAD Drivers\STM32F4xx_HAL_Driver\Src\stm32f4xx_hal_rcc_ex.o
LOAD Drivers\STM32F4xx_HAL_Driver\Src\stm32f4xx_hal_tim.o
LOAD Drivers\STM32F4xx_HAL_Driver\Src\stm32f4xx_hal_tim_ex.o
LOAD Src\CS43L22.o
LOAD Src\fft.o
LOAD Src\main.o
LOAD Src\stm32f4xx_hal_msp.o
LOAD Src\stm32f4xx_it.o
LOAD Src\syscalls.o
LOAD Src\system_stm32f4xx.o
LOAD startup\startup_stm32f407xx.o
                0x00000080                malloc_getpagesize_P = 0x80
START GROUP
LOAD c:/program files (x86)/atollic/truestudio for stm32 9.0.1/armtools/bin/../lib/gcc/arm-atollic-eabi/6.3.1/../../../../arm-atollic-eabi/lib/armv7e-m/fpu\libc_nano.a
LOAD c:/program files (x86)/atollic/truestudio for stm32 9.0.1/armtools/bin/../lib/gcc/arm-atollic-eabi/6.3.1/../../../../arm-atollic-eabi/lib/armv7e-m/fpu\libm.a
END GROUP
START GROUP
LOAD c:/program files (x86)/atollic/truestudio for stm32 9.0.1/armtools/bin/../lib/gcc/arm-atollic-eabi/6.3.1/armv7e-m/fpu\libgcc.a
LOAD c:/program files (x86)/atollic/truestudio for stm32 9.0.1/armtools/bin/../lib/gcc/arm-atollic-eabi/6.3.1/../../../../arm-atollic-eabi/lib/armv7e-m/fpu\libc_nano.a
END GROUP
START GROUP
LOAD c:/program files (x86)/atollic/truestudio for stm32 9.0.1/armtools/bin/../lib/gcc/arm-atollic-eabi/6.3.1/armv7e-m/fpu\libgcc.a
LOAD c:/program files (x86)/atollic/truestudio for stm32 9.0.1/armtools/bin/../lib/gcc/arm-atollic-eabi/6.3.1/../../../../arm-atollic-eabi/lib/armv7e-m/fpu\libc_nano.a
LOAD c:/program files (x86)/atollic/truestudio for stm32 9.0.1/armtools/bin/../lib/gcc/arm-atollic-eabi/6.3.1/../../../../arm-atollic-eabi/lib/armv7e-m/fpu\libnosys.a
END GROUP
START GROUP
LOAD c:/program files (x86)/atollic/truestudio for stm32 9.0.1/armtools/bin/../lib/gcc/arm-atollic-eabi/6.3.1/armv7e-m/fpu\libgcc.a
LOAD c:/program files (x86)/atollic/truestudio for stm32 9.0.1/armtools/bin/../lib/gcc/arm-atollic-eabi/6.3.1/../../../../arm-atollic-eabi/lib/armv7e-m/fpu\libc_nano.a
LOAD c:/program files (x86)/atollic/truestudio for stm32 9.0.1/armtools/bin/../lib/gcc/arm-atollic-eabi/6.3.1/../../../../arm-atollic-eabi/lib/armv7e-m/fpu\libnosys.a
END GROUP
LOAD c:/program files (x86)/atollic/truestudio for stm32 9.0.1/armtools/bin/../lib/gcc/arm-atollic-eabi/6.3.1/armv7e-m/fpu/crtend.o
LOAD c:/program files (x86)/atollic/truestudio for stm32 9.0.1/armtools/bin/../lib/gcc/arm-atollic-eabi/6.3.1/armv7e-m/fpu/crtn.o
                0x20020000                _estack = 0x20020000
                0x00000200                _Min_Heap_Size = 0x200
                0x00000400                _Min_Stack_Size = 0x400

.isr_vector     0x08000000      0x188
                0x08000000                . = ALIGN (0x4)
 *(.isr_vector)
 .isr_vector    0x08000000      0x188 startup\startup_stm32f407xx.o
                0x08000000                g_pfnVectors
                0x08000188                . = ALIGN (0x4)

.text           0x08000188     0x2978
                0x08000188                . = ALIGN (0x4)
 *(.text)
 .text          0x08000188       0x40 c:/program files (x86)/atollic/truestudio for stm32 9.0.1/armtools/bin/../lib/gcc/arm-atollic-eabi/6.3.1/armv7e-m/fpu/crtbegin.o
 .text          0x080001c8       0x30 c:/program files (x86)/atollic/truestudio for stm32 9.0.1/armtools/bin/../lib/gcc/arm-atollic-eabi/6.3.1/armv7e-m/fpu\libgcc.a(_aeabi_uldivmod.o)
                0x080001c8                __aeabi_uldivmod
 .text          0x080001f8      0x2dc c:/program files (x86)/atollic/truestudio for stm32 9.0.1/armtools/bin/../lib/gcc/arm-atollic-eabi/6.3.1/armv7e-m/fpu\libgcc.a(_udivmoddi4.o)
                0x080001f8                __udivmoddi4
 .text          0x080004d4        0x4 c:/program files (x86)/atollic/truestudio for stm32 9.0.1/armtools/bin/../lib/gcc/arm-atollic-eabi/6.3.1/armv7e-m/fpu\libgcc.a(_dvmd_tls.o)
                0x080004d4                __aeabi_idiv0
                0x080004d4                __aeabi_ldiv0
 *(.text*)
 .text.HAL_InitTick
                0x080004d8       0x48 Drivers\STM32F4xx_HAL_Driver\Src\stm32f4xx_hal.o
                0x080004d8                HAL_InitTick
 .text.HAL_Init
                0x08000520       0x34 Drivers\STM32F4xx_HAL_Driver\Src\stm32f4xx_hal.o
                0x08000520                HAL_Init
 .text.HAL_IncTick
                0x08000554       0x18 Drivers\STM32F4xx_HAL_Driver\Src\stm32f4xx_hal.o
                0x08000554                HAL_IncTick
 .text.HAL_GetTick
                0x0800056c        0xc Drivers\STM32F4xx_HAL_Driver\Src\stm32f4xx_hal.o
                0x0800056c                HAL_GetTick
 .text.HAL_ADC_Init
                0x08000578      0x14c Drivers\STM32F4xx_HAL_Driver\Src\stm32f4xx_hal_adc.o
                0x08000578                HAL_ADC_Init
 .text.HAL_ADC_Start_IT
                0x080006c4       0xf8 Drivers\STM32F4xx_HAL_Driver\Src\stm32f4xx_hal_adc.o
                0x080006c4                HAL_ADC_Start_IT
 .text.HAL_ADC_GetValue
                0x080007bc        0x6 Drivers\STM32F4xx_HAL_Driver\Src\stm32f4xx_hal_adc.o
                0x080007bc                HAL_ADC_GetValue
 .text.HAL_ADC_LevelOutOfWindowCallback
                0x080007c2        0x2 Drivers\STM32F4xx_HAL_Driver\Src\stm32f4xx_hal_adc.o
                0x080007c2                HAL_ADC_LevelOutOfWindowCallback
 .text.HAL_ADC_ErrorCallback
                0x080007c4        0x2 Drivers\STM32F4xx_HAL_Driver\Src\stm32f4xx_hal_adc.o
                0x080007c4                HAL_ADC_ErrorCallback
 .text.HAL_ADC_IRQHandler
                0x080007c6      0x128 Drivers\STM32F4xx_HAL_Driver\Src\stm32f4xx_hal_adc.o
                0x080007c6                HAL_ADC_IRQHandler
 *fill*         0x080008ee        0x2 
 .text.HAL_ADC_ConfigChannel
                0x080008f0      0x12c Drivers\STM32F4xx_HAL_Driver\Src\stm32f4xx_hal_adc.o
                0x080008f0                HAL_ADC_ConfigChannel
 .text.HAL_ADCEx_InjectedConvCpltCallback
                0x08000a1c        0x2 Drivers\STM32F4xx_HAL_Driver\Src\stm32f4xx_hal_adc_ex.o
                0x08000a1c                HAL_ADCEx_InjectedConvCpltCallback
 *fill*         0x08000a1e        0x2 
 .text.HAL_NVIC_SetPriorityGrouping
                0x08000a20       0x24 Drivers\STM32F4xx_HAL_Driver\Src\stm32f4xx_hal_cortex.o
                0x08000a20                HAL_NVIC_SetPriorityGrouping
 .text.HAL_NVIC_SetPriority
                0x08000a44       0x68 Drivers\STM32F4xx_HAL_Driver\Src\stm32f4xx_hal_cortex.o
                0x08000a44                HAL_NVIC_SetPriority
 .text.HAL_NVIC_EnableIRQ
                0x08000aac       0x1c Drivers\STM32F4xx_HAL_Driver\Src\stm32f4xx_hal_cortex.o
                0x08000aac                HAL_NVIC_EnableIRQ
 .text.HAL_SYSTICK_Config
                0x08000ac8       0x2c Drivers\STM32F4xx_HAL_Driver\Src\stm32f4xx_hal_cortex.o
                0x08000ac8                HAL_SYSTICK_Config
 .text.HAL_GPIO_Init
                0x08000af4      0x1c0 Drivers\STM32F4xx_HAL_Driver\Src\stm32f4xx_hal_gpio.o
                0x08000af4                HAL_GPIO_Init
 .text.HAL_GPIO_WritePin
                0x08000cb4        0xa Drivers\STM32F4xx_HAL_Driver\Src\stm32f4xx_hal_gpio.o
                0x08000cb4                HAL_GPIO_WritePin
 .text.I2C_IsAcknowledgeFailed
                0x08000cbe       0x34 Drivers\STM32F4xx_HAL_Driver\Src\stm32f4xx_hal_i2c.o
 .text.I2C_WaitOnMasterAddressFlagUntilTimeout
                0x08000cf2       0x8a Drivers\STM32F4xx_HAL_Driver\Src\stm32f4xx_hal_i2c.o
 .text.I2C_WaitOnBTFFlagUntilTimeout
                0x08000d7c       0x4c Drivers\STM32F4xx_HAL_Driver\Src\stm32f4xx_hal_i2c.o
 .text.I2C_WaitOnRXNEFlagUntilTimeout
                0x08000dc8       0x5e Drivers\STM32F4xx_HAL_Driver\Src\stm32f4xx_hal_i2c.o
 .text.I2C_WaitOnFlagUntilTimeout
                0x08000e26       0x64 Drivers\STM32F4xx_HAL_Driver\Src\stm32f4xx_hal_i2c.o
 .text.I2C_WaitOnTXEFlagUntilTimeout
                0x08000e8a       0x4c Drivers\STM32F4xx_HAL_Driver\Src\stm32f4xx_hal_i2c.o
 *fill*         0x08000ed6        0x2 
 .text.HAL_I2C_Init
                0x08000ed8      0x148 Drivers\STM32F4xx_HAL_Driver\Src\stm32f4xx_hal_i2c.o
                0x08000ed8                HAL_I2C_Init
 .text.HAL_I2C_Master_Transmit
                0x08001020      0x19c Drivers\STM32F4xx_HAL_Driver\Src\stm32f4xx_hal_i2c.o
                0x08001020                HAL_I2C_Master_Transmit
 .text.HAL_I2C_Master_Receive
                0x080011bc      0x2dc Drivers\STM32F4xx_HAL_Driver\Src\stm32f4xx_hal_i2c.o
                0x080011bc                HAL_I2C_Master_Receive
 .text.HAL_I2S_Init
                0x08001498      0x130 Drivers\STM32F4xx_HAL_Driver\Src\stm32f4xx_hal_i2s.o
                0x08001498                HAL_I2S_Init
 .text.HAL_I2S_Transmit_IT
                0x080015c8       0x72 Drivers\STM32F4xx_HAL_Driver\Src\stm32f4xx_hal_i2s.o
                0x080015c8                HAL_I2S_Transmit_IT
 .text.HAL_I2S_IRQHandler
                0x0800163a        0x4 Drivers\STM32F4xx_HAL_Driver\Src\stm32f4xx_hal_i2s.o
                0x0800163a                HAL_I2S_IRQHandler
 .text.HAL_I2S_RxCpltCallback
                0x0800163e        0x2 Drivers\STM32F4xx_HAL_Driver\Src\stm32f4xx_hal_i2s.o
                0x0800163e                HAL_I2S_RxCpltCallback
 .text.HAL_I2S_ErrorCallback
                0x08001640        0x2 Drivers\STM32F4xx_HAL_Driver\Src\stm32f4xx_hal_i2s.o
                0x08001640                HAL_I2S_ErrorCallback
 .text.I2S_IRQHandler
                0x08001642       0xfa Drivers\STM32F4xx_HAL_Driver\Src\stm32f4xx_hal_i2s.o
 .text.HAL_I2SEx_TxRxCpltCallback
                0x0800173c        0x2 Drivers\STM32F4xx_HAL_Driver\Src\stm32f4xx_hal_i2s_ex.o
                0x0800173c                HAL_I2SEx_TxRxCpltCallback
 *fill*         0x0800173e        0x2 
 .text.HAL_I2SEx_FullDuplex_IRQHandler
                0x08001740      0x23c Drivers\STM32F4xx_HAL_Driver\Src\stm32f4xx_hal_i2s_ex.o
                0x08001740                HAL_I2SEx_FullDuplex_IRQHandler
 .text.HAL_RCC_OscConfig
                0x0800197c      0x304 Drivers\STM32F4xx_HAL_Driver\Src\stm32f4xx_hal_rcc.o
                0x0800197c                HAL_RCC_OscConfig
 .text.HAL_RCC_GetSysClockFreq
                0x08001c80       0x5c Drivers\STM32F4xx_HAL_Driver\Src\stm32f4xx_hal_rcc.o
                0x08001c80                HAL_RCC_GetSysClockFreq
 .text.HAL_RCC_ClockConfig
                0x08001cdc      0x134 Drivers\STM32F4xx_HAL_Driver\Src\stm32f4xx_hal_rcc.o
                0x08001cdc                HAL_RCC_ClockConfig
 .text.HAL_RCC_GetPCLK1Freq
                0x08001e10       0x20 Drivers\STM32F4xx_HAL_Driver\Src\stm32f4xx_hal_rcc.o
                0x08001e10                HAL_RCC_GetPCLK1Freq
 .text.HAL_RCCEx_PeriphCLKConfig
                0x08001e30      0x130 Drivers\STM32F4xx_HAL_Driver\Src\stm32f4xx_hal_rcc_ex.o
                0x08001e30                HAL_RCCEx_PeriphCLKConfig
 .text.HAL_RCCEx_GetPeriphCLKFreq
                0x08001f60       0x5c Drivers\STM32F4xx_HAL_Driver\Src\stm32f4xx_hal_rcc_ex.o
                0x08001f60                HAL_RCCEx_GetPeriphCLKFreq
 .text.HAL_TIM_Base_Start
                0x08001fbc       0x24 Drivers\STM32F4xx_HAL_Driver\Src\stm32f4xx_hal_tim.o
                0x08001fbc                HAL_TIM_Base_Start
 .text.TIM_Base_SetConfig
                0x08001fe0       0xcc Drivers\STM32F4xx_HAL_Driver\Src\stm32f4xx_hal_tim.o
                0x08001fe0                TIM_Base_SetConfig
 .text.HAL_TIM_Base_Init
                0x080020ac       0x34 Drivers\STM32F4xx_HAL_Driver\Src\stm32f4xx_hal_tim.o
                0x080020ac                HAL_TIM_Base_Init
 .text.TIM_ETR_SetConfig
                0x080020e0       0x14 Drivers\STM32F4xx_HAL_Driver\Src\stm32f4xx_hal_tim.o
                0x080020e0                TIM_ETR_SetConfig
 .text.HAL_TIM_ConfigClockSource
                0x080020f4      0x128 Drivers\STM32F4xx_HAL_Driver\Src\stm32f4xx_hal_tim.o
                0x080020f4                HAL_TIM_ConfigClockSource
 .text.HAL_TIMEx_MasterConfigSynchronization
                0x0800221c       0x3c Drivers\STM32F4xx_HAL_Driver\Src\stm32f4xx_hal_tim_ex.o
                0x0800221c                HAL_TIMEx_MasterConfigSynchronization
 .text.CS43L22_write
                0x08002258       0x18 Src\CS43L22.o
                0x08002258                CS43L22_write
 .text.CS43L22_init
                0x08002270      0x12a Src\CS43L22.o
                0x08002270                CS43L22_init
 .text.CS43L22_AudioSend
                0x0800239a        0x4 Src\CS43L22.o
                0x0800239a                CS43L22_AudioSend
 *fill*         0x0800239e        0x2 
 .text.SystemClock_Config
                0x080023a0       0xb8 Src\main.o
                0x080023a0                SystemClock_Config
 .text.HAL_I2S_TxCpltCallback
                0x08002458        0xc Src\main.o
                0x08002458                HAL_I2S_TxCpltCallback
 .text.HAL_ADC_ConvCpltCallback
                0x08002464        0xc Src\main.o
                0x08002464                HAL_ADC_ConvCpltCallback
 .text.select_buffer_to_transmit
                0x08002470       0x20 Src\main.o
                0x08002470                select_buffer_to_transmit
 .text.audio_buffer_init
                0x08002490       0x20 Src\main.o
                0x08002490                audio_buffer_init
 .text.audio_read
                0x080024b0       0x10 Src\main.o
                0x080024b0                audio_read
 .text.load_buffer
                0x080024c0       0x4c Src\main.o
                0x080024c0                load_buffer
 .text.fill_buffers
                0x0800250c       0x38 Src\main.o
                0x0800250c                fill_buffers
 .text.startup.main
                0x08002544      0x244 Src\main.o
                0x08002544                main
 .text.CS43L22_EXTERNAL_DAC_I2S_transmit
                0x08002788       0x10 Src\main.o
                0x08002788                CS43L22_EXTERNAL_DAC_I2S_transmit
 .text.CS43L22_EXTERNAL_DAC_I2C_write
                0x08002798       0x1c Src\main.o
                0x08002798                CS43L22_EXTERNAL_DAC_I2C_write
 .text.CS43L22_EXTERNAL_DAC_I2C_recieve
                0x080027b4       0x1c Src\main.o
                0x080027b4                CS43L22_EXTERNAL_DAC_I2C_recieve
 .text.CS43L22_EXTERNAL_DAC_enable
                0x080027d0       0x10 Src\main.o
                0x080027d0                CS43L22_EXTERNAL_DAC_enable
 .text.HAL_MspInit
                0x080027e0       0x38 Src\stm32f4xx_hal_msp.o
                0x080027e0                HAL_MspInit
 .text.HAL_ADC_MspInit
                0x08002818       0x74 Src\stm32f4xx_hal_msp.o
                0x08002818                HAL_ADC_MspInit
 .text.HAL_I2C_MspInit
                0x0800288c       0x70 Src\stm32f4xx_hal_msp.o
                0x0800288c                HAL_I2C_MspInit
 .text.HAL_I2S_MspInit
                0x080028fc       0xa8 Src\stm32f4xx_hal_msp.o
                0x080028fc                HAL_I2S_MspInit
 .text.HAL_TIM_Base_MspInit
                0x080029a4       0x2c Src\stm32f4xx_hal_msp.o
                0x080029a4                HAL_TIM_Base_MspInit
 .text.SVC_Handler
                0x080029d0        0x2 Src\stm32f4xx_it.o
                0x080029d0                SVC_Handler
 .text.PendSV_Handler
                0x080029d2        0x2 Src\stm32f4xx_it.o
                0x080029d2                PendSV_Handler
 .text.SysTick_Handler
                0x080029d4        0x4 Src\stm32f4xx_it.o
                0x080029d4                SysTick_Handler
 .text.ADC_IRQHandler
                0x080029d8        0xc Src\stm32f4xx_it.o
                0x080029d8                ADC_IRQHandler
 .text.SPI3_IRQHandler
                0x080029e4        0xc Src\stm32f4xx_it.o
                0x080029e4                SPI3_IRQHandler
 .text.SystemInit
                0x080029f0       0x4c Src\system_stm32f4xx.o
                0x080029f0                SystemInit
 .text.Reset_Handler
                0x08002a3c       0x50 startup\startup_stm32f407xx.o
                0x08002a3c                Reset_Handler
 .text.Default_Handler
                0x08002a8c        0x2 startup\startup_stm32f407xx.o
                0x08002a8c                RTC_Alarm_IRQHandler
                0x08002a8c                HASH_RNG_IRQHandler
                0x08002a8c                EXTI2_IRQHandler
                0x08002a8c                TIM8_CC_IRQHandler
                0x08002a8c                DebugMon_Handler
                0x08002a8c                TIM1_CC_IRQHandler
                0x08002a8c                DMA2_Stream5_IRQHandler
                0x08002a8c                HardFault_Handler
                0x08002a8c                DMA1_Stream5_IRQHandler
                0x08002a8c                PVD_IRQHandler
                0x08002a8c                SDIO_IRQHandler
                0x08002a8c                TAMP_STAMP_IRQHandler
                0x08002a8c                NMI_Handler
                0x08002a8c                CAN2_RX1_IRQHandler
                0x08002a8c                EXTI3_IRQHandler
                0x08002a8c                TIM8_TRG_COM_TIM14_IRQHandler
                0x08002a8c                TIM1_UP_TIM10_IRQHandler
                0x08002a8c                TIM8_UP_TIM13_IRQHandler
                0x08002a8c                I2C3_ER_IRQHandler
                0x08002a8c                EXTI0_IRQHandler
                0x08002a8c                I2C2_EV_IRQHandler
                0x08002a8c                DMA1_Stream2_IRQHandler
                0x08002a8c                CAN1_RX0_IRQHandler
                0x08002a8c                FPU_IRQHandler
                0x08002a8c                OTG_HS_WKUP_IRQHandler
                0x08002a8c                UsageFault_Handler
                0x08002a8c                CAN2_SCE_IRQHandler
                0x08002a8c                DMA2_Stream2_IRQHandler
                0x08002a8c                SPI1_IRQHandler
                0x08002a8c                TIM6_DAC_IRQHandler
                0x08002a8c                TIM1_BRK_TIM9_IRQHandler
                0x08002a8c                DCMI_IRQHandler
                0x08002a8c                CAN2_RX0_IRQHandler
                0x08002a8c                DMA2_Stream3_IRQHandler
                0x08002a8c                USART6_IRQHandler
                0x08002a8c                USART3_IRQHandler
                0x08002a8c                CAN1_RX1_IRQHandler
                0x08002a8c                UART5_IRQHandler
                0x08002a8c                DMA2_Stream0_IRQHandler
                0x08002a8c                TIM4_IRQHandler
                0x08002a8c                I2C1_EV_IRQHandler
                0x08002a8c                DMA1_Stream6_IRQHandler
                0x08002a8c                DMA1_Stream1_IRQHandler
                0x08002a8c                UART4_IRQHandler
                0x08002a8c                TIM3_IRQHandler
                0x08002a8c                RCC_IRQHandler
                0x08002a8c                TIM8_BRK_TIM12_IRQHandler
                0x08002a8c                Default_Handler
                0x08002a8c                EXTI15_10_IRQHandler
                0x08002a8c                DMA1_Stream7_IRQHandler
                0x08002a8c                TIM7_IRQHandler
                0x08002a8c                CAN2_TX_IRQHandler
                0x08002a8c                TIM5_IRQHandler
                0x08002a8c                DMA2_Stream7_IRQHandler
                0x08002a8c                I2C3_EV_IRQHandler
                0x08002a8c                EXTI9_5_IRQHandler
                0x08002a8c                RTC_WKUP_IRQHandler
                0x08002a8c                ETH_WKUP_IRQHandler
                0x08002a8c                SPI2_IRQHandler
                0x08002a8c                OTG_HS_EP1_IN_IRQHandler
                0x08002a8c                MemManage_Handler
                0x08002a8c                DMA1_Stream0_IRQHandler
                0x08002a8c                CAN1_TX_IRQHandler
                0x08002a8c                EXTI4_IRQHandler
                0x08002a8c                FSMC_IRQHandler
                0x08002a8c                ETH_IRQHandler
                0x08002a8c                OTG_HS_EP1_OUT_IRQHandler
                0x08002a8c                WWDG_IRQHandler
                0x08002a8c                TIM2_IRQHandler
                0x08002a8c                OTG_FS_WKUP_IRQHandler
                0x08002a8c                TIM1_TRG_COM_TIM11_IRQHandler
                0x08002a8c                OTG_HS_IRQHandler
                0x08002a8c                EXTI1_IRQHandler
                0x08002a8c                USART2_IRQHandler
                0x08002a8c                I2C2_ER_IRQHandler
                0x08002a8c                DMA2_Stream1_IRQHandler
                0x08002a8c                CAN1_SCE_IRQHandler
                0x08002a8c                FLASH_IRQHandler
                0x08002a8c                DMA2_Stream4_IRQHandler
                0x08002a8c                BusFault_Handler
                0x08002a8c                USART1_IRQHandler
                0x08002a8c                OTG_FS_IRQHandler
                0x08002a8c                DMA1_Stream4_IRQHandler
                0x08002a8c                I2C1_ER_IRQHandler
                0x08002a8c                DMA2_Stream6_IRQHandler
                0x08002a8c                DMA1_Stream3_IRQHandler
 *fill*         0x08002a8e        0x2 
 .text.__libc_init_array
                0x08002a90       0x48 c:/program files (x86)/atollic/truestudio for stm32 9.0.1/armtools/bin/../lib/gcc/arm-atollic-eabi/6.3.1/../../../../arm-atollic-eabi/lib/armv7e-m/fpu\libc_nano.a(lib_a-init.o)
                0x08002a90                __libc_init_array
 .text.memset   0x08002ad8       0x10 c:/program files (x86)/atollic/truestudio for stm32 9.0.1/armtools/bin/../lib/gcc/arm-atollic-eabi/6.3.1/../../../../arm-atollic-eabi/lib/armv7e-m/fpu\libc_nano.a(lib_a-memset.o)
                0x08002ad8                memset
 *(.glue_7)
 .glue_7        0x08002ae8        0x0 linker stubs
 *(.glue_7t)
 .glue_7t       0x08002ae8        0x0 linker stubs
 *(.eh_frame)
 .eh_frame      0x08002ae8        0x0 c:/program files (x86)/atollic/truestudio for stm32 9.0.1/armtools/bin/../lib/gcc/arm-atollic-eabi/6.3.1/armv7e-m/fpu/crtbegin.o
 *(.init)
 .init          0x08002ae8        0x4 c:/program files (x86)/atollic/truestudio for stm32 9.0.1/armtools/bin/../lib/gcc/arm-atollic-eabi/6.3.1/armv7e-m/fpu/crti.o
                0x08002ae8                _init
 .init          0x08002aec        0x8 c:/program files (x86)/atollic/truestudio for stm32 9.0.1/armtools/bin/../lib/gcc/arm-atollic-eabi/6.3.1/armv7e-m/fpu/crtn.o
 *(.fini)
 .fini          0x08002af4        0x4 c:/program files (x86)/atollic/truestudio for stm32 9.0.1/armtools/bin/../lib/gcc/arm-atollic-eabi/6.3.1/armv7e-m/fpu/crti.o
                0x08002af4                _fini
 .fini          0x08002af8        0x8 c:/program files (x86)/atollic/truestudio for stm32 9.0.1/armtools/bin/../lib/gcc/arm-atollic-eabi/6.3.1/armv7e-m/fpu/crtn.o
                0x08002b00                . = ALIGN (0x4)
                0x08002b00                _etext = .

.vfp11_veneer   0x08002b00        0x0
 .vfp11_veneer  0x08002b00        0x0 linker stubs

.v4_bx          0x08002b00        0x0
 .v4_bx         0x08002b00        0x0 linker stubs

.iplt           0x08002b00        0x0
 .iplt          0x08002b00        0x0 c:/program files (x86)/atollic/truestudio for stm32 9.0.1/armtools/bin/../lib/gcc/arm-atollic-eabi/6.3.1/armv7e-m/fpu/crtbegin.o

.rodata         0x08002b00       0x18
                0x08002b00                . = ALIGN (0x4)
 *(.rodata)
 *(.rodata*)
 .rodata.AHBPrescTable
                0x08002b00       0x10 Src\system_stm32f4xx.o
                0x08002b00                AHBPrescTable
 .rodata.APBPrescTable
                0x08002b10        0x8 Src\system_stm32f4xx.o
                0x08002b10                APBPrescTable
                0x08002b18                . = ALIGN (0x4)

.ARM.extab
 *(.ARM.extab* .gnu.linkonce.armextab.*)

.ARM            0x08002b18        0x8
                0x08002b18                __exidx_start = .
 *(.ARM.exidx*)
 .ARM.exidx     0x08002b18        0x8 c:/program files (x86)/atollic/truestudio for stm32 9.0.1/armtools/bin/../lib/gcc/arm-atollic-eabi/6.3.1/armv7e-m/fpu\libgcc.a(_udivmoddi4.o)
                0x08002b20                __exidx_end = .

.rel.dyn        0x08002b20        0x0
 .rel.iplt      0x08002b20        0x0 c:/program files (x86)/atollic/truestudio for stm32 9.0.1/armtools/bin/../lib/gcc/arm-atollic-eabi/6.3.1/armv7e-m/fpu/crtbegin.o

.preinit_array  0x08002b20        0x0
                0x08002b20                PROVIDE (__preinit_array_start, .)
 *(.preinit_array*)
                0x08002b20                PROVIDE (__preinit_array_end, .)

.init_array     0x08002b20        0x4
                0x08002b20                PROVIDE (__init_array_start, .)
 *(SORT(.init_array.*))
 *(.init_array*)
 .init_array    0x08002b20        0x4 c:/program files (x86)/atollic/truestudio for stm32 9.0.1/armtools/bin/../lib/gcc/arm-atollic-eabi/6.3.1/armv7e-m/fpu/crtbegin.o
                0x08002b24                PROVIDE (__init_array_end, .)

.fini_array     0x08002b24        0x4
                [!provide]                PROVIDE (__fini_array_start, .)
 *(SORT(.fini_array.*))
 *(.fini_array*)
 .fini_array    0x08002b24        0x4 c:/program files (x86)/atollic/truestudio for stm32 9.0.1/armtools/bin/../lib/gcc/arm-atollic-eabi/6.3.1/armv7e-m/fpu/crtbegin.o
                [!provide]                PROVIDE (__fini_array_end, .)
                0x08002b28                _sidata = LOADADDR (.data)

.data           0x20000000       0x10 load address 0x08002b28
                0x20000000                . = ALIGN (0x4)
                0x20000000                _sdata = .
 *(.data)
 *(.data*)
 .data.uwTickFreq
                0x20000000        0x1 Drivers\STM32F4xx_HAL_Driver\Src\stm32f4xx_hal.o
                0x20000000                uwTickFreq
 *fill*         0x20000001        0x3 
 .data.uwTickPrio
                0x20000004        0x4 Drivers\STM32F4xx_HAL_Driver\Src\stm32f4xx_hal.o
                0x20000004                uwTickPrio
 .data.buffer_to_send
                0x20000008        0x1 Src\main.o
                0x20000008                buffer_to_send
 .data.flag     0x20000009        0x1 Src\main.o
                0x20000009                flag
 .data.transferComplete
                0x2000000a        0x1 Src\main.o
                0x2000000a                transferComplete
 *fill*         0x2000000b        0x1 
 .data.SystemCoreClock
                0x2000000c        0x4 Src\system_stm32f4xx.o
                0x2000000c                SystemCoreClock
                0x20000010                . = ALIGN (0x4)
                0x20000010                _edata = .
                0x08002b38                _siccmram = LOADADDR (.ccmram)

.igot.plt       0x20000010        0x0 load address 0x08002b38
 .igot.plt      0x20000010        0x0 c:/program files (x86)/atollic/truestudio for stm32 9.0.1/armtools/bin/../lib/gcc/arm-atollic-eabi/6.3.1/armv7e-m/fpu/crtbegin.o

.ccmram         0x10000000        0x0 load address 0x08002b38
                0x10000000                . = ALIGN (0x4)
                0x10000000                _sccmram = .
 *(.ccmram)
 *(.ccmram*)
                0x10000000                . = ALIGN (0x4)
                0x10000000                _eccmram = .
                0x10000000                . = ALIGN (0x4)

.bss            0x20000010      0x42c
                0x20000010                _sbss = .
                0x20000010                __bss_start__ = _sbss
 *(.bss)
 .bss           0x20000010       0x1c c:/program files (x86)/atollic/truestudio for stm32 9.0.1/armtools/bin/../lib/gcc/arm-atollic-eabi/6.3.1/armv7e-m/fpu/crtbegin.o
 *(.bss*)
 .bss.adc_done  0x2000002c        0x1 Src\main.o
                0x2000002c                adc_done
 *fill*         0x2000002d        0x3 
 .bss.audioToSend
                0x20000030        0x4 Src\main.o
                0x20000030                audioToSend
 .bss.audioToUpdate
                0x20000034        0x4 Src\main.o
                0x20000034                audioToUpdate
 .bss.buffer_to_fill
                0x20000038        0x1 Src\main.o
                0x20000038                buffer_to_fill
 *fill*         0x20000039        0x3 
 .bss.i.9211    0x2000003c        0x4 Src\main.o
 *(COMMON)
 COMMON         0x20000040        0x4 Drivers\STM32F4xx_HAL_Driver\Src\stm32f4xx_hal.o
                0x20000040                uwTick
 COMMON         0x20000044      0x3f8 Src\main.o
                0x20000044                hi2c1
                0x20000098                audioBufferA
                0x20000200                hadc1
                0x20000248                audioBufferB
                0x200003b0                htim2
                0x200003f0                sample
                0x200003f4                hi2s3
                0x2000043c                . = ALIGN (0x4)
                0x2000043c                _ebss = .
                0x2000043c                __bss_end__ = _ebss

._user_heap_stack
                0x2000043c      0x600
                0x2000043c                . = ALIGN (0x4)
                0x2000043c                PROVIDE (end, .)
                [!provide]                PROVIDE (_end, .)
                0x2000063c                . = (. + _Min_Heap_Size)
 *fill*         0x2000043c      0x200 
                0x20000a3c                . = (. + _Min_Stack_Size)
 *fill*         0x2000063c      0x400 
                0x20000a3c                . = ALIGN (0x4)

/DISCARD/
 libc.a(*)
 libm.a(*)
 libgcc.a(*)

.ARM.attributes
                0x00000000       0x30
 *(.ARM.attributes)
 .ARM.attributes
                0x00000000       0x22 c:/program files (x86)/atollic/truestudio for stm32 9.0.1/armtools/bin/../lib/gcc/arm-atollic-eabi/6.3.1/armv7e-m/fpu/crti.o
 .ARM.attributes
                0x00000022       0x34 c:/program files (x86)/atollic/truestudio for stm32 9.0.1/armtools/bin/../lib/gcc/arm-atollic-eabi/6.3.1/armv7e-m/fpu/crtbegin.o
 .ARM.attributes
                0x00000056       0x39 Drivers\STM32F4xx_HAL_Driver\Src\stm32f4xx_hal.o
 .ARM.attributes
                0x0000008f       0x39 Drivers\STM32F4xx_HAL_Driver\Src\stm32f4xx_hal_adc.o
 .ARM.attributes
                0x000000c8       0x39 Drivers\STM32F4xx_HAL_Driver\Src\stm32f4xx_hal_adc_ex.o
 .ARM.attributes
                0x00000101       0x39 Drivers\STM32F4xx_HAL_Driver\Src\stm32f4xx_hal_cortex.o
 .ARM.attributes
                0x0000013a       0x39 Drivers\STM32F4xx_HAL_Driver\Src\stm32f4xx_hal_gpio.o
 .ARM.attributes
                0x00000173       0x39 Drivers\STM32F4xx_HAL_Driver\Src\stm32f4xx_hal_i2c.o
 .ARM.attributes
                0x000001ac       0x39 Drivers\STM32F4xx_HAL_Driver\Src\stm32f4xx_hal_i2s.o
 .ARM.attributes
                0x000001e5       0x39 Drivers\STM32F4xx_HAL_Driver\Src\stm32f4xx_hal_i2s_ex.o
 .ARM.attributes
                0x0000021e       0x39 Drivers\STM32F4xx_HAL_Driver\Src\stm32f4xx_hal_rcc.o
 .ARM.attributes
                0x00000257       0x39 Drivers\STM32F4xx_HAL_Driver\Src\stm32f4xx_hal_rcc_ex.o
 .ARM.attributes
                0x00000290       0x39 Drivers\STM32F4xx_HAL_Driver\Src\stm32f4xx_hal_tim.o
 .ARM.attributes
                0x000002c9       0x39 Drivers\STM32F4xx_HAL_Driver\Src\stm32f4xx_hal_tim_ex.o
 .ARM.attributes
                0x00000302       0x39 Src\CS43L22.o
 .ARM.attributes
                0x0000033b       0x39 Src\main.o
 .ARM.attributes
                0x00000374       0x39 Src\stm32f4xx_hal_msp.o
 .ARM.attributes
                0x000003ad       0x39 Src\stm32f4xx_it.o
 .ARM.attributes
                0x000003e6       0x39 Src\system_stm32f4xx.o
 .ARM.attributes
                0x0000041f       0x21 startup\startup_stm32f407xx.o
 .ARM.attributes
                0x00000440       0x34 c:/program files (x86)/atollic/truestudio for stm32 9.0.1/armtools/bin/../lib/gcc/arm-atollic-eabi/6.3.1/../../../../arm-atollic-eabi/lib/armv7e-m/fpu\libc_nano.a(lib_a-init.o)
 .ARM.attributes
                0x00000474       0x34 c:/program files (x86)/atollic/truestudio for stm32 9.0.1/armtools/bin/../lib/gcc/arm-atollic-eabi/6.3.1/../../../../arm-atollic-eabi/lib/armv7e-m/fpu\libc_nano.a(lib_a-memset.o)
 .ARM.attributes
                0x000004a8       0x22 c:/program files (x86)/atollic/truestudio for stm32 9.0.1/armtools/bin/../lib/gcc/arm-atollic-eabi/6.3.1/armv7e-m/fpu\libgcc.a(_aeabi_uldivmod.o)
 .ARM.attributes
                0x000004ca       0x34 c:/program files (x86)/atollic/truestudio for stm32 9.0.1/armtools/bin/../lib/gcc/arm-atollic-eabi/6.3.1/armv7e-m/fpu\libgcc.a(_udivmoddi4.o)
 .ARM.attributes
                0x000004fe       0x22 c:/program files (x86)/atollic/truestudio for stm32 9.0.1/armtools/bin/../lib/gcc/arm-atollic-eabi/6.3.1/armv7e-m/fpu\libgcc.a(_dvmd_tls.o)
 .ARM.attributes
                0x00000520       0x22 c:/program files (x86)/atollic/truestudio for stm32 9.0.1/armtools/bin/../lib/gcc/arm-atollic-eabi/6.3.1/armv7e-m/fpu/crtn.o
OUTPUT(DTMF_Recover_Starter.elf elf32-littlearm)

.debug_info     0x00000000    0x13054
 .debug_info    0x00000000      0x9ef Drivers\STM32F4xx_HAL_Driver\Src\stm32f4xx_hal.o
 .debug_info    0x000009ef      0xdb1 Drivers\STM32F4xx_HAL_Driver\Src\stm32f4xx_hal_adc.o
 .debug_info    0x000017a0      0xbd6 Drivers\STM32F4xx_HAL_Driver\Src\stm32f4xx_hal_adc_ex.o
 .debug_info    0x00002376      0xf39 Drivers\STM32F4xx_HAL_Driver\Src\stm32f4xx_hal_cortex.o
 .debug_info    0x000032af      0x775 Drivers\STM32F4xx_HAL_Driver\Src\stm32f4xx_hal_gpio.o
 .debug_info    0x00003a24     0x334f Drivers\STM32F4xx_HAL_Driver\Src\stm32f4xx_hal_i2c.o
 .debug_info    0x00006d73      0xf62 Drivers\STM32F4xx_HAL_Driver\Src\stm32f4xx_hal_i2s.o
 .debug_info    0x00007cd5      0xd8b Drivers\STM32F4xx_HAL_Driver\Src\stm32f4xx_hal_i2s_ex.o
 .debug_info    0x00008a60      0xa57 Drivers\STM32F4xx_HAL_Driver\Src\stm32f4xx_hal_rcc.o
 .debug_info    0x000094b7      0x663 Drivers\STM32F4xx_HAL_Driver\Src\stm32f4xx_hal_rcc_ex.o
 .debug_info    0x00009b1a     0x34cf Drivers\STM32F4xx_HAL_Driver\Src\stm32f4xx_hal_tim.o
 .debug_info    0x0000cfe9     0x12fe Drivers\STM32F4xx_HAL_Driver\Src\stm32f4xx_hal_tim_ex.o
 .debug_info    0x0000e2e7      0x3d6 Src\CS43L22.o
 .debug_info    0x0000e6bd     0x251e Src\main.o
 .debug_info    0x00010bdb     0x1629 Src\stm32f4xx_hal_msp.o
 .debug_info    0x00012204      0x8ac Src\stm32f4xx_it.o
 .debug_info    0x00012ab0      0x50a Src\system_stm32f4xx.o
 .debug_info    0x00012fba       0x9a startup\startup_stm32f407xx.o

.debug_abbrev   0x00000000     0x29c0
 .debug_abbrev  0x00000000      0x23d Drivers\STM32F4xx_HAL_Driver\Src\stm32f4xx_hal.o
 .debug_abbrev  0x0000023d      0x2bf Drivers\STM32F4xx_HAL_Driver\Src\stm32f4xx_hal_adc.o
 .debug_abbrev  0x000004fc      0x284 Drivers\STM32F4xx_HAL_Driver\Src\stm32f4xx_hal_adc_ex.o
 .debug_abbrev  0x00000780      0x314 Drivers\STM32F4xx_HAL_Driver\Src\stm32f4xx_hal_cortex.o
 .debug_abbrev  0x00000a94      0x1ef Drivers\STM32F4xx_HAL_Driver\Src\stm32f4xx_hal_gpio.o
 .debug_abbrev  0x00000c83      0x399 Drivers\STM32F4xx_HAL_Driver\Src\stm32f4xx_hal_i2c.o
 .debug_abbrev  0x0000101c      0x2a0 Drivers\STM32F4xx_HAL_Driver\Src\stm32f4xx_hal_i2s.o
 .debug_abbrev  0x000012bc      0x301 Drivers\STM32F4xx_HAL_Driver\Src\stm32f4xx_hal_i2s_ex.o
 .debug_abbrev  0x000015bd      0x2cb Drivers\STM32F4xx_HAL_Driver\Src\stm32f4xx_hal_rcc.o
 .debug_abbrev  0x00001888      0x172 Drivers\STM32F4xx_HAL_Driver\Src\stm32f4xx_hal_rcc_ex.o
 .debug_abbrev  0x000019fa      0x324 Drivers\STM32F4xx_HAL_Driver\Src\stm32f4xx_hal_tim.o
 .debug_abbrev  0x00001d1e      0x29c Drivers\STM32F4xx_HAL_Driver\Src\stm32f4xx_hal_tim_ex.o
 .debug_abbrev  0x00001fba       0xe7 Src\CS43L22.o
 .debug_abbrev  0x000020a1      0x42a Src\main.o
 .debug_abbrev  0x000024cb      0x238 Src\stm32f4xx_hal_msp.o
 .debug_abbrev  0x00002703      0x19d Src\stm32f4xx_it.o
 .debug_abbrev  0x000028a0      0x10e Src\system_stm32f4xx.o
 .debug_abbrev  0x000029ae       0x12 startup\startup_stm32f407xx.o

.debug_loc      0x00000000     0x9de8
 .debug_loc     0x00000000      0x11b Drivers\STM32F4xx_HAL_Driver\Src\stm32f4xx_hal.o
 .debug_loc     0x0000011b      0x7aa Drivers\STM32F4xx_HAL_Driver\Src\stm32f4xx_hal_adc.o
 .debug_loc     0x000008c5      0x7a8 Drivers\STM32F4xx_HAL_Driver\Src\stm32f4xx_hal_adc_ex.o
 .debug_loc     0x0000106d      0x4fb Drivers\STM32F4xx_HAL_Driver\Src\stm32f4xx_hal_cortex.o
 .debug_loc     0x00001568      0x36d Drivers\STM32F4xx_HAL_Driver\Src\stm32f4xx_hal_gpio.o
 .debug_loc     0x000018d5     0x2f30 Drivers\STM32F4xx_HAL_Driver\Src\stm32f4xx_hal_i2c.o
 .debug_loc     0x00004805      0x9bf Drivers\STM32F4xx_HAL_Driver\Src\stm32f4xx_hal_i2s.o
 .debug_loc     0x000051c4      0x745 Drivers\STM32F4xx_HAL_Driver\Src\stm32f4xx_hal_i2s_ex.o
 .debug_loc     0x00005909      0x336 Drivers\STM32F4xx_HAL_Driver\Src\stm32f4xx_hal_rcc.o
 .debug_loc     0x00005c3f      0x2cf Drivers\STM32F4xx_HAL_Driver\Src\stm32f4xx_hal_rcc_ex.o
 .debug_loc     0x00005f0e     0x3009 Drivers\STM32F4xx_HAL_Driver\Src\stm32f4xx_hal_tim.o
 .debug_loc     0x00008f17      0xa7c Drivers\STM32F4xx_HAL_Driver\Src\stm32f4xx_hal_tim_ex.o
 .debug_loc     0x00009993       0xbd Src\CS43L22.o
 .debug_loc     0x00009a50      0x174 Src\main.o
 .debug_loc     0x00009bc4      0x108 Src\stm32f4xx_hal_msp.o
 .debug_loc     0x00009ccc      0x11c Src\system_stm32f4xx.o

.debug_aranges  0x00000000      0xbe8
 .debug_aranges
                0x00000000       0xe8 Drivers\STM32F4xx_HAL_Driver\Src\stm32f4xx_hal.o
 .debug_aranges
                0x000000e8       0xb8 Drivers\STM32F4xx_HAL_Driver\Src\stm32f4xx_hal_adc.o
 .debug_aranges
                0x000001a0       0x90 Drivers\STM32F4xx_HAL_Driver\Src\stm32f4xx_hal_adc_ex.o
 .debug_aranges
                0x00000230       0xa8 Drivers\STM32F4xx_HAL_Driver\Src\stm32f4xx_hal_cortex.o
 .debug_aranges
                0x000002d8       0x58 Drivers\STM32F4xx_HAL_Driver\Src\stm32f4xx_hal_gpio.o
 .debug_aranges
                0x00000330      0x1b0 Drivers\STM32F4xx_HAL_Driver\Src\stm32f4xx_hal_i2c.o
 .debug_aranges
                0x000004e0       0xc8 Drivers\STM32F4xx_HAL_Driver\Src\stm32f4xx_hal_i2s.o
 .debug_aranges
                0x000005a8       0x60 Drivers\STM32F4xx_HAL_Driver\Src\stm32f4xx_hal_i2s_ex.o
 .debug_aranges
                0x00000608       0x88 Drivers\STM32F4xx_HAL_Driver\Src\stm32f4xx_hal_rcc.o
 .debug_aranges
                0x00000690       0x48 Drivers\STM32F4xx_HAL_Driver\Src\stm32f4xx_hal_rcc_ex.o
 .debug_aranges
                0x000006d8      0x278 Drivers\STM32F4xx_HAL_Driver\Src\stm32f4xx_hal_tim.o
 .debug_aranges
                0x00000950       0xf8 Drivers\STM32F4xx_HAL_Driver\Src\stm32f4xx_hal_tim_ex.o
 .debug_aranges
                0x00000a48       0x30 Src\CS43L22.o
 .debug_aranges
                0x00000a78       0x88 Src\main.o
 .debug_aranges
                0x00000b00       0x60 Src\stm32f4xx_hal_msp.o
 .debug_aranges
                0x00000b60       0x38 Src\stm32f4xx_it.o
 .debug_aranges
                0x00000b98       0x28 Src\system_stm32f4xx.o
 .debug_aranges
                0x00000bc0       0x28 startup\startup_stm32f407xx.o

.debug_ranges   0x00000000      0xfd8
 .debug_ranges  0x00000000       0xd8 Drivers\STM32F4xx_HAL_Driver\Src\stm32f4xx_hal.o
 .debug_ranges  0x000000d8       0xc8 Drivers\STM32F4xx_HAL_Driver\Src\stm32f4xx_hal_adc.o
 .debug_ranges  0x000001a0       0x80 Drivers\STM32F4xx_HAL_Driver\Src\stm32f4xx_hal_adc_ex.o
 .debug_ranges  0x00000220      0x128 Drivers\STM32F4xx_HAL_Driver\Src\stm32f4xx_hal_cortex.o
 .debug_ranges  0x00000348       0x68 Drivers\STM32F4xx_HAL_Driver\Src\stm32f4xx_hal_gpio.o
 .debug_ranges  0x000003b0      0x3d0 Drivers\STM32F4xx_HAL_Driver\Src\stm32f4xx_hal_i2c.o
 .debug_ranges  0x00000780       0xb8 Drivers\STM32F4xx_HAL_Driver\Src\stm32f4xx_hal_i2s.o
 .debug_ranges  0x00000838       0x50 Drivers\STM32F4xx_HAL_Driver\Src\stm32f4xx_hal_i2s_ex.o
 .debug_ranges  0x00000888       0xb0 Drivers\STM32F4xx_HAL_Driver\Src\stm32f4xx_hal_rcc.o
 .debug_ranges  0x00000938       0x50 Drivers\STM32F4xx_HAL_Driver\Src\stm32f4xx_hal_rcc_ex.o
 .debug_ranges  0x00000988      0x340 Drivers\STM32F4xx_HAL_Driver\Src\stm32f4xx_hal_tim.o
 .debug_ranges  0x00000cc8       0xe8 Drivers\STM32F4xx_HAL_Driver\Src\stm32f4xx_hal_tim_ex.o
 .debug_ranges  0x00000db0       0x20 Src\CS43L22.o
 .debug_ranges  0x00000dd0      0x110 Src\main.o
 .debug_ranges  0x00000ee0       0x98 Src\stm32f4xx_hal_msp.o
 .debug_ranges  0x00000f78       0x28 Src\stm32f4xx_it.o
 .debug_ranges  0x00000fa0       0x18 Src\system_stm32f4xx.o
 .debug_ranges  0x00000fb8       0x20 startup\startup_stm32f407xx.o

.debug_line     0x00000000     0x7167
 .debug_line    0x00000000      0x41b Drivers\STM32F4xx_HAL_Driver\Src\stm32f4xx_hal.o
 .debug_line    0x0000041b      0x71c Drivers\STM32F4xx_HAL_Driver\Src\stm32f4xx_hal_adc.o
 .debug_line    0x00000b37      0x599 Drivers\STM32F4xx_HAL_Driver\Src\stm32f4xx_hal_adc_ex.o
 .debug_line    0x000010d0      0x456 Drivers\STM32F4xx_HAL_Driver\Src\stm32f4xx_hal_cortex.o
 .debug_line    0x00001526      0x3e4 Drivers\STM32F4xx_HAL_Driver\Src\stm32f4xx_hal_gpio.o
 .debug_line    0x0000190a     0x1bee Drivers\STM32F4xx_HAL_Driver\Src\stm32f4xx_hal_i2c.o
 .debug_line    0x000034f8      0x6a5 Drivers\STM32F4xx_HAL_Driver\Src\stm32f4xx_hal_i2s.o
 .debug_line    0x00003b9d      0x57f Drivers\STM32F4xx_HAL_Driver\Src\stm32f4xx_hal_i2s_ex.o
 .debug_line    0x0000411c      0x4f4 Drivers\STM32F4xx_HAL_Driver\Src\stm32f4xx_hal_rcc.o
 .debug_line    0x00004610      0x396 Drivers\STM32F4xx_HAL_Driver\Src\stm32f4xx_hal_rcc_ex.o
 .debug_line    0x000049a6     0x1183 Drivers\STM32F4xx_HAL_Driver\Src\stm32f4xx_hal_tim.o
 .debug_line    0x00005b29      0x67d Drivers\STM32F4xx_HAL_Driver\Src\stm32f4xx_hal_tim_ex.o
 .debug_line    0x000061a6      0x18a Src\CS43L22.o
 .debug_line    0x00006330      0x5db Src\main.o
 .debug_line    0x0000690b      0x384 Src\stm32f4xx_hal_msp.o
 .debug_line    0x00006c8f      0x27b Src\stm32f4xx_it.o
 .debug_line    0x00006f0a      0x1de Src\system_stm32f4xx.o
 .debug_line    0x000070e8       0x7f startup\startup_stm32f407xx.o

.debug_str      0x00000000     0x4d7c
 .debug_str     0x00000000      0xb6e Drivers\STM32F4xx_HAL_Driver\Src\stm32f4xx_hal.o
                                0xbd7 (size before relaxing)
 .debug_str     0x00000b6e      0x695 Drivers\STM32F4xx_HAL_Driver\Src\stm32f4xx_hal_adc.o
                                0x9cb (size before relaxing)
 .debug_str     0x00001203      0x2df Drivers\STM32F4xx_HAL_Driver\Src\stm32f4xx_hal_adc_ex.o
                                0xa2e (size before relaxing)
 .debug_str     0x000014e2      0x4a1 Drivers\STM32F4xx_HAL_Driver\Src\stm32f4xx_hal_cortex.o
                                0xca2 (size before relaxing)
 .debug_str     0x00001983      0x1cd Drivers\STM32F4xx_HAL_Driver\Src\stm32f4xx_hal_gpio.o
                                0x568 (size before relaxing)
 .debug_str     0x00001b50      0xb1c Drivers\STM32F4xx_HAL_Driver\Src\stm32f4xx_hal_i2c.o
                               0x1075 (size before relaxing)
 .debug_str     0x0000266c      0x440 Drivers\STM32F4xx_HAL_Driver\Src\stm32f4xx_hal_i2s.o
                                0x9ca (size before relaxing)
 .debug_str     0x00002aac      0x1f1 Drivers\STM32F4xx_HAL_Driver\Src\stm32f4xx_hal_i2s_ex.o
                                0x90b (size before relaxing)
 .debug_str     0x00002c9d      0x2c9 Drivers\STM32F4xx_HAL_Driver\Src\stm32f4xx_hal_rcc.o
                                0x73b (size before relaxing)
 .debug_str     0x00002f66      0x15e Drivers\STM32F4xx_HAL_Driver\Src\stm32f4xx_hal_rcc_ex.o
                                0x534 (size before relaxing)
 .debug_str     0x000030c4      0xfd9 Drivers\STM32F4xx_HAL_Driver\Src\stm32f4xx_hal_tim.o
                               0x1545 (size before relaxing)
 .debug_str     0x0000409d      0x548 Drivers\STM32F4xx_HAL_Driver\Src\stm32f4xx_hal_tim_ex.o
                                0xd5d (size before relaxing)
 .debug_str     0x000045e5       0xce Src\CS43L22.o
                                0x2a4 (size before relaxing)
 .debug_str     0x000046b3      0x60e Src\main.o
                               0x18f5 (size before relaxing)
 .debug_str     0x00004cc1       0x25 Src\stm32f4xx_hal_msp.o
                               0x13bc (size before relaxing)
 .debug_str     0x00004ce6       0x51 Src\stm32f4xx_it.o
                                0x876 (size before relaxing)
 .debug_str     0x00004d37       0x45 Src\system_stm32f4xx.o
                                0x3cc (size before relaxing)

.comment        0x00000000       0x7c
 .comment       0x00000000       0x7c Drivers\STM32F4xx_HAL_Driver\Src\stm32f4xx_hal.o
                                 0x7d (size before relaxing)
 .comment       0x0000007c       0x7d Drivers\STM32F4xx_HAL_Driver\Src\stm32f4xx_hal_adc.o
 .comment       0x0000007c       0x7d Drivers\STM32F4xx_HAL_Driver\Src\stm32f4xx_hal_adc_ex.o
 .comment       0x0000007c       0x7d Drivers\STM32F4xx_HAL_Driver\Src\stm32f4xx_hal_cortex.o
 .comment       0x0000007c       0x7d Drivers\STM32F4xx_HAL_Driver\Src\stm32f4xx_hal_gpio.o
 .comment       0x0000007c       0x7d Drivers\STM32F4xx_HAL_Driver\Src\stm32f4xx_hal_i2c.o
 .comment       0x0000007c       0x7d Drivers\STM32F4xx_HAL_Driver\Src\stm32f4xx_hal_i2s.o
 .comment       0x0000007c       0x7d Drivers\STM32F4xx_HAL_Driver\Src\stm32f4xx_hal_i2s_ex.o
 .comment       0x0000007c       0x7d Drivers\STM32F4xx_HAL_Driver\Src\stm32f4xx_hal_rcc.o
 .comment       0x0000007c       0x7d Drivers\STM32F4xx_HAL_Driver\Src\stm32f4xx_hal_rcc_ex.o
 .comment       0x0000007c       0x7d Drivers\STM32F4xx_HAL_Driver\Src\stm32f4xx_hal_tim.o
 .comment       0x0000007c       0x7d Drivers\STM32F4xx_HAL_Driver\Src\stm32f4xx_hal_tim_ex.o
 .comment       0x0000007c       0x7d Src\CS43L22.o
 .comment       0x0000007c       0x7d Src\main.o
 .comment       0x0000007c       0x7d Src\stm32f4xx_hal_msp.o
 .comment       0x0000007c       0x7d Src\stm32f4xx_it.o
 .comment       0x0000007c       0x7d Src\system_stm32f4xx.o

.debug_frame    0x00000000     0x24d4
 .debug_frame   0x00000000      0x1f0 Drivers\STM32F4xx_HAL_Driver\Src\stm32f4xx_hal.o
 .debug_frame   0x000001f0      0x248 Drivers\STM32F4xx_HAL_Driver\Src\stm32f4xx_hal_adc.o
 .debug_frame   0x00000438      0x160 Drivers\STM32F4xx_HAL_Driver\Src\stm32f4xx_hal_adc_ex.o
 .debug_frame   0x00000598      0x158 Drivers\STM32F4xx_HAL_Driver\Src\stm32f4xx_hal_cortex.o
 .debug_frame   0x000006f0       0xd8 Drivers\STM32F4xx_HAL_Driver\Src\stm32f4xx_hal_gpio.o
 .debug_frame   0x000007c8      0x704 Drivers\STM32F4xx_HAL_Driver\Src\stm32f4xx_hal_i2c.o
 .debug_frame   0x00000ecc      0x288 Drivers\STM32F4xx_HAL_Driver\Src\stm32f4xx_hal_i2s.o
 .debug_frame   0x00001154      0x130 Drivers\STM32F4xx_HAL_Driver\Src\stm32f4xx_hal_i2s_ex.o
 .debug_frame   0x00001284      0x13c Drivers\STM32F4xx_HAL_Driver\Src\stm32f4xx_hal_rcc.o
 .debug_frame   0x000013c0       0xac Drivers\STM32F4xx_HAL_Driver\Src\stm32f4xx_hal_rcc_ex.o
 .debug_frame   0x0000146c      0x928 Drivers\STM32F4xx_HAL_Driver\Src\stm32f4xx_hal_tim.o
 .debug_frame   0x00001d94      0x360 Drivers\STM32F4xx_HAL_Driver\Src\stm32f4xx_hal_tim_ex.o
 .debug_frame   0x000020f4       0x58 Src\CS43L22.o
 .debug_frame   0x0000214c      0x140 Src\main.o
 .debug_frame   0x0000228c      0x104 Src\stm32f4xx_hal_msp.o
 .debug_frame   0x00002390       0x60 Src\stm32f4xx_it.o
 .debug_frame   0x000023f0       0x38 Src\system_stm32f4xx.o
 .debug_frame   0x00002428       0x2c c:/program files (x86)/atollic/truestudio for stm32 9.0.1/armtools/bin/../lib/gcc/arm-atollic-eabi/6.3.1/../../../../arm-atollic-eabi/lib/armv7e-m/fpu\libc_nano.a(lib_a-init.o)
 .debug_frame   0x00002454       0x20 c:/program files (x86)/atollic/truestudio for stm32 9.0.1/armtools/bin/../lib/gcc/arm-atollic-eabi/6.3.1/../../../../arm-atollic-eabi/lib/armv7e-m/fpu\libc_nano.a(lib_a-memset.o)
 .debug_frame   0x00002474       0x2c c:/program files (x86)/atollic/truestudio for stm32 9.0.1/armtools/bin/../lib/gcc/arm-atollic-eabi/6.3.1/armv7e-m/fpu\libgcc.a(_aeabi_uldivmod.o)
 .debug_frame   0x000024a0       0x34 c:/program files (x86)/atollic/truestudio for stm32 9.0.1/armtools/bin/../lib/gcc/arm-atollic-eabi/6.3.1/armv7e-m/fpu\libgcc.a(_udivmoddi4.o)
